[     760ms] [ERROR] Failed to load resource: the server responded with a status of 404 () @ https://tenchat.ru/tenchat-cloudpayments/api/web/auth/premium_order/gifts:0
[     761ms] [ERROR] Failed to load resource: the server responded with a status of 404 () @ https://tenchat.ru/tenchat-billing/api/web/auth/account/balance:0
[    1218ms] [ERROR] Failed to load resource: net::ERR_SOCKET_NOT_CONNECTED @ https://yastatic.net/partner-code-bundles/1304480/5bad8b0e4ae768b8.js:0
[   62686ms] [ERROR] Failed to load resource: the server responded with a status of 400 () @ https://tenchat.ru/gostinder/api/web/auth/account/username/ps_korneeva/subscribe:0
[   62689ms] [ERROR] FetchError: [POST] "/gostinder/api/web/auth/account/username/ps_korneeva/subscribe": 400 
    at async i (https://cdn2.tenchat.ru/_nuxt/fVY6jQV9.js:37:13510)
    at async https://cdn2.tenchat.ru/_nuxt/tc-DfBZjzUZ.js:1:2832
    at async L (https://cdn2.tenchat.ru/_nuxt/tc-DfBZjzUZ.js:1:2651)
    at async toggleSubscription (https://cdn2.tenchat.ru/_nuxt/tc-DoaPTVfB.js:1:417)
    at async B (https://cdn2.tenchat.ru/_nuxt/tc-fXYNFMo4.js:1:3487) @ https://cdn2.tenchat.ru/_nuxt/fVY6jQV9.js:93
[   63140ms] [ERROR] Failed to load resource: the server responded with a status of 400 () @ https://tenchat.ru/gostinder/api/web/auth/account/username/5100991/subscribe:0
[   63143ms] [ERROR] FetchError: [POST] "/gostinder/api/web/auth/account/username/5100991/subscribe": 400 
    at async i (https://cdn2.tenchat.ru/_nuxt/fVY6jQV9.js:37:13510)
    at async https://cdn2.tenchat.ru/_nuxt/tc-DfBZjzUZ.js:1:2832
    at async L (https://cdn2.tenchat.ru/_nuxt/tc-DfBZjzUZ.js:1:2651)
    at async toggleSubscription (https://cdn2.tenchat.ru/_nuxt/tc-DoaPTVfB.js:1:417)
    at async B (https://cdn2.tenchat.ru/_nuxt/tc-fXYNFMo4.js:1:3487) @ https://cdn2.tenchat.ru/_nuxt/fVY6jQV9.js:93
[   63464ms] [ERROR] Failed to load resource: the server responded with a status of 400 () @ https://tenchat.ru/gostinder/api/web/auth/account/username/5154271/subscribe:0
[   63466ms] [ERROR] FetchError: [POST] "/gostinder/api/web/auth/account/username/5154271/subscribe": 400 
    at async i (https://cdn2.tenchat.ru/_nuxt/fVY6jQV9.js:37:13510)
    at async https://cdn2.tenchat.ru/_nuxt/tc-DfBZjzUZ.js:1:2832
    at async L (https://cdn2.tenchat.ru/_nuxt/tc-DfBZjzUZ.js:1:2651)
    at async toggleSubscription (https://cdn2.tenchat.ru/_nuxt/tc-DoaPTVfB.js:1:417)
    at async B (https://cdn2.tenchat.ru/_nuxt/tc-fXYNFMo4.js:1:3487) @ https://cdn2.tenchat.ru/_nuxt/fVY6jQV9.js:93
[   63791ms] [ERROR] Failed to load resource: the server responded with a status of 400 () @ https://tenchat.ru/gostinder/api/web/auth/account/username/_a_dil__7/subscribe:0
[   63793ms] [ERROR] FetchError: [POST] "/gostinder/api/web/auth/account/username/_a_dil__7/subscribe": 400 
    at async i (https://cdn2.tenchat.ru/_nuxt/fVY6jQV9.js:37:13510)
    at async https://cdn2.tenchat.ru/_nuxt/tc-DfBZjzUZ.js:1:2832
    at async L (https://cdn2.tenchat.ru/_nuxt/tc-DfBZjzUZ.js:1:2651)
    at async toggleSubscription (https://cdn2.tenchat.ru/_nuxt/tc-DoaPTVfB.js:1:417)
    at async B (https://cdn2.tenchat.ru/_nuxt/tc-fXYNFMo4.js:1:3487) @ https://cdn2.tenchat.ru/_nuxt/fVY6jQV9.js:93
[   64113ms] [ERROR] Failed to load resource: the server responded with a status of 400 () @ https://tenchat.ru/gostinder/api/web/auth/account/username/5154979/subscribe:0
[   64119ms] [ERROR] FetchError: [POST] "/gostinder/api/web/auth/account/username/5154979/subscribe": 400 
    at async i (https://cdn2.tenchat.ru/_nuxt/fVY6jQV9.js:37:13510)
    at async https://cdn2.tenchat.ru/_nuxt/tc-DfBZjzUZ.js:1:2832
    at async L (https://cdn2.tenchat.ru/_nuxt/tc-DfBZjzUZ.js:1:2651)
    at async toggleSubscription (https://cdn2.tenchat.ru/_nuxt/tc-DoaPTVfB.js:1:417)
    at async B (https://cdn2.tenchat.ru/_nuxt/tc-fXYNFMo4.js:1:3487) @ https://cdn2.tenchat.ru/_nuxt/fVY6jQV9.js:93
[   64407ms] [ERROR] Failed to load resource: the server responded with a status of 400 () @ https://tenchat.ru/gostinder/api/web/auth/account/username/5154894/subscribe:0
[   64409ms] [ERROR] FetchError: [POST] "/gostinder/api/web/auth/account/username/5154894/subscribe": 400 
    at async i (https://cdn2.tenchat.ru/_nuxt/fVY6jQV9.js:37:13510)
    at async https://cdn2.tenchat.ru/_nuxt/tc-DfBZjzUZ.js:1:2832
    at async L (https://cdn2.tenchat.ru/_nuxt/tc-DfBZjzUZ.js:1:2651)
    at async toggleSubscription (https://cdn2.tenchat.ru/_nuxt/tc-DoaPTVfB.js:1:417)
    at async B (https://cdn2.tenchat.ru/_nuxt/tc-fXYNFMo4.js:1:3487) @ https://cdn2.tenchat.ru/_nuxt/fVY6jQV9.js:93
[   64729ms] [ERROR] Failed to load resource: the server responded with a status of 400 () @ https://tenchat.ru/gostinder/api/web/auth/account/username/ReactiveRabbits/subscribe:0
[   64733ms] [ERROR] FetchError: [POST] "/gostinder/api/web/auth/account/username/ReactiveRabbits/subscribe": 400 
    at async i (https://cdn2.tenchat.ru/_nuxt/fVY6jQV9.js:37:13510)
    at async https://cdn2.tenchat.ru/_nuxt/tc-DfBZjzUZ.js:1:2832
    at async L (https://cdn2.tenchat.ru/_nuxt/tc-DfBZjzUZ.js:1:2651)
    at async toggleSubscription (https://cdn2.tenchat.ru/_nuxt/tc-DoaPTVfB.js:1:417)
    at async B (https://cdn2.tenchat.ru/_nuxt/tc-fXYNFMo4.js:1:3487) @ https://cdn2.tenchat.ru/_nuxt/fVY6jQV9.js:93
[   65038ms] [ERROR] Failed to load resource: the server responded with a status of 400 () @ https://tenchat.ru/gostinder/api/web/auth/account/username/3641079/subscribe:0
[   65041ms] [ERROR] FetchError: [POST] "/gostinder/api/web/auth/account/username/3641079/subscribe": 400 
    at async i (https://cdn2.tenchat.ru/_nuxt/fVY6jQV9.js:37:13510)
    at async https://cdn2.tenchat.ru/_nuxt/tc-DfBZjzUZ.js:1:2832
    at async L (https://cdn2.tenchat.ru/_nuxt/tc-DfBZjzUZ.js:1:2651)
    at async toggleSubscription (https://cdn2.tenchat.ru/_nuxt/tc-DoaPTVfB.js:1:417)
    at async B (https://cdn2.tenchat.ru/_nuxt/tc-fXYNFMo4.js:1:3487) @ https://cdn2.tenchat.ru/_nuxt/fVY6jQV9.js:93
[   65364ms] [ERROR] Failed to load resource: the server responded with a status of 400 () @ https://tenchat.ru/gostinder/api/web/auth/account/username/5153777/subscribe:0
[   65367ms] [ERROR] FetchError: [POST] "/gostinder/api/web/auth/account/username/5153777/subscribe": 400 
    at async i (https://cdn2.tenchat.ru/_nuxt/fVY6jQV9.js:37:13510)
    at async https://cdn2.tenchat.ru/_nuxt/tc-DfBZjzUZ.js:1:2832
    at async L (https://cdn2.tenchat.ru/_nuxt/tc-DfBZjzUZ.js:1:2651)
    at async toggleSubscription (https://cdn2.tenchat.ru/_nuxt/tc-DoaPTVfB.js:1:417)
    at async B (https://cdn2.tenchat.ru/_nuxt/tc-fXYNFMo4.js:1:3487) @ https://cdn2.tenchat.ru/_nuxt/fVY6jQV9.js:93
[   65681ms] [ERROR] Failed to load resource: the server responded with a status of 400 () @ https://tenchat.ru/gostinder/api/web/auth/account/username/5148078/subscribe:0
[   65684ms] [ERROR] FetchError: [POST] "/gostinder/api/web/auth/account/username/5148078/subscribe": 400 
    at async i (https://cdn2.tenchat.ru/_nuxt/fVY6jQV9.js:37:13510)
    at async https://cdn2.tenchat.ru/_nuxt/tc-DfBZjzUZ.js:1:2832
    at async L (https://cdn2.tenchat.ru/_nuxt/tc-DfBZjzUZ.js:1:2651)
    at async toggleSubscription (https://cdn2.tenchat.ru/_nuxt/tc-DoaPTVfB.js:1:417)
    at async B (https://cdn2.tenchat.ru/_nuxt/tc-fXYNFMo4.js:1:3487) @ https://cdn2.tenchat.ru/_nuxt/fVY6jQV9.js:93
[   65998ms] [ERROR] Failed to load resource: the server responded with a status of 400 () @ https://tenchat.ru/gostinder/api/web/auth/account/username/sbereg/subscribe:0
[   66001ms] [ERROR] FetchError: [POST] "/gostinder/api/web/auth/account/username/sbereg/subscribe": 400 
    at async i (https://cdn2.tenchat.ru/_nuxt/fVY6jQV9.js:37:13510)
    at async https://cdn2.tenchat.ru/_nuxt/tc-DfBZjzUZ.js:1:2832
    at async L (https://cdn2.tenchat.ru/_nuxt/tc-DfBZjzUZ.js:1:2651)
    at async toggleSubscription (https://cdn2.tenchat.ru/_nuxt/tc-DoaPTVfB.js:1:417)
    at async B (https://cdn2.tenchat.ru/_nuxt/tc-fXYNFMo4.js:1:3487) @ https://cdn2.tenchat.ru/_nuxt/fVY6jQV9.js:93
[   66301ms] [ERROR] Failed to load resource: the server responded with a status of 400 () @ https://tenchat.ru/gostinder/api/web/auth/account/username/5152260/subscribe:0
[   66304ms] [ERROR] FetchError: [POST] "/gostinder/api/web/auth/account/username/5152260/subscribe": 400 
    at async i (https://cdn2.tenchat.ru/_nuxt/fVY6jQV9.js:37:13510)
    at async https://cdn2.tenchat.ru/_nuxt/tc-DfBZjzUZ.js:1:2832
    at async L (https://cdn2.tenchat.ru/_nuxt/tc-DfBZjzUZ.js:1:2651)
    at async toggleSubscription (https://cdn2.tenchat.ru/_nuxt/tc-DoaPTVfB.js:1:417)
    at async B (https://cdn2.tenchat.ru/_nuxt/tc-fXYNFMo4.js:1:3487) @ https://cdn2.tenchat.ru/_nuxt/fVY6jQV9.js:93
[   66687ms] [ERROR] Failed to load resource: the server responded with a status of 400 () @ https://tenchat.ru/gostinder/api/web/auth/account/username/5144145/subscribe:0
[   66690ms] [ERROR] FetchError: [POST] "/gostinder/api/web/auth/account/username/5144145/subscribe": 400 
    at async i (https://cdn2.tenchat.ru/_nuxt/fVY6jQV9.js:37:13510)
    at async https://cdn2.tenchat.ru/_nuxt/tc-DfBZjzUZ.js:1:2832
    at async L (https://cdn2.tenchat.ru/_nuxt/tc-DfBZjzUZ.js:1:2651)
    at async toggleSubscription (https://cdn2.tenchat.ru/_nuxt/tc-DoaPTVfB.js:1:417)
    at async B (https://cdn2.tenchat.ru/_nuxt/tc-fXYNFMo4.js:1:3487) @ https://cdn2.tenchat.ru/_nuxt/fVY6jQV9.js:93
