[    1475ms] [LOG] [Telegram.WebView] > postEvent web_app_set_header_color {color_key: bg_color} @ https://telegram.org/js/telegram-web-app.js:134
[    1476ms] [LOG] [Telegram.WebView] > postEvent web_app_set_bottom_bar_color {color: #ffffff} @ https://telegram.org/js/telegram-web-app.js:134
[    1476ms] [LOG] [Telegram.WebView] > postEvent web_app_request_theme  @ https://telegram.org/js/telegram-web-app.js:134
[    1476ms] [LOG] [Telegram.WebView] > postEvent web_app_request_viewport  @ https://telegram.org/js/telegram-web-app.js:134
[    1476ms] [LOG] [Telegram.WebView] > postEvent web_app_request_safe_area  @ https://telegram.org/js/telegram-web-app.js:134
[    1476ms] [LOG] [Telegram.WebView] > postEvent web_app_request_content_safe_area  @ https://telegram.org/js/telegram-web-app.js:134
[    2881ms] [LOG] ✨ %cNuxt DevTools %c Press Shift + Option + D to open DevTools color: black; border-radius: 3px 0 0 3px; padding: 2px 2px 1px 10px; background: #00DC82 border-radius: 0 3px 3px 0; padding: 2px 10px 1px 2px; background: #00DC8220  @ http://localhost:3000/_nuxt/node_modules/@nuxt/devtools/dist/runtime/plugins/devtools.client.js?v=61ddcc6c:51
[    5514ms] [LOG] [nuxt-delay-hydration] Hydration event timeout @ http://localhost:3000/blog/kak-vybrat-domen-i-hosting:528
[    5517ms] [INFO] <Suspense> is an experimental feature and its API will likely change. @ http://localhost:3000/_nuxt/node_modules/@vue/runtime-core/dist/runtime-core.esm-bundler.js?v=61ddcc6c:7232
[    5580ms] [WARNING] [Vue warn]: Hydration text content mismatch on JSHandle@node 
  - rendered on server: Сколько стоит создать сайт в 2026 году: полный разбор цен
  - expected on client: Что такое Agile и Scrum: методологии управления проектами простыми словами 
  at <RouterLink ref=fn to="/blog/chto-takoe-agile-i-scrum" activeClass=undefined  ... > 
  at <NuxtLink key="chto-takoe-agile-i-scrum" to="/blog/chto-takoe-agile-i-scrum" class="group p-2 rounded-xl hover:bg-gray-50 transition-all" > 
  at <[slug] onVnodeUnmounted=fn<onVnodeUnmounted> ref=Ref< undefined > > 
  at <BaseTransition mode="out-in" appear=false persisted=false  ... > 
  at <Transition name="page" mode="out-in" ref=Ref< undefined > > 
  at <RouteProvider key="/blog/kak-vybrat-domen-i-hosting()" vnode= {__v_isVNode: true, __v_skip: true, type: , props: Object, key: null} route= {fullPath: /blog/kak-vybrat-domen-i-hosting, hash: , query: Object, name: blog-slug, path: /blog/kak-vybrat-domen-i-hosting}  ... > 
  at <RouterView name=undefined route=undefined > 
  at <NuxtPage > 
  at <App key=4 > 
  at <NuxtRoot> @ http://localhost:3000/_nuxt/node_modules/@vue/runtime-core/dist/runtime-core.esm-bundler.js?v=61ddcc6c:49
[    5581ms] [ERROR] Hydration completed but contains mismatches. @ http://localhost:3000/_nuxt/node_modules/@vue/runtime-core/dist/runtime-core.esm-bundler.js?v=61ddcc6c:1880
[    5581ms] [WARNING] [Vue warn]: Hydration attribute mismatch on JSHandle@node 
  - rendered on server: href="/blog/skolko-stoit-sozdat-sajt"
  - expected on client: href="/blog/chto-takoe-agile-i-scrum"
  Note: this mismatch is check-only. The DOM will not be rectified in production due to performance overhead.
  You should fix the source of the mismatch. 
  at <RouterLink ref=fn to="/blog/chto-takoe-agile-i-scrum" activeClass=undefined  ... > 
  at <NuxtLink key="chto-takoe-agile-i-scrum" to="/blog/chto-takoe-agile-i-scrum" class="group p-2 rounded-xl hover:bg-gray-50 transition-all" > 
  at <[slug] onVnodeUnmounted=fn<onVnodeUnmounted> ref=Ref< undefined > > 
  at <BaseTransition mode="out-in" appear=false persisted=false  ... > 
  at <Transition name="page" mode="out-in" ref=Ref< undefined > > 
  at <RouteProvider key="/blog/kak-vybrat-domen-i-hosting()" vnode= {__v_isVNode: true, __v_skip: true, type: , props: Object, key: null} route= {fullPath: /blog/kak-vybrat-domen-i-hosting, hash: , query: Object, name: blog-slug, path: /blog/kak-vybrat-domen-i-hosting}  ... > 
  at <RouterView name=undefined route=undefined > 
  at <NuxtPage > 
  at <App key=4 > 
  at <NuxtRoot> @ http://localhost:3000/_nuxt/node_modules/@vue/runtime-core/dist/runtime-core.esm-bundler.js?v=61ddcc6c:49
[    5583ms] [WARNING] [Vue warn]: Hydration text content mismatch on JSHandle@node 
  - rendered on server: Автоматизация бизнеса с помощью ИИ: n8n, Make, Zapier — полное руководство 2026
  - expected on client: Продвижение мобильного приложения: полное руководство по привлечению и удержанию пользователей 
  at <RouterLink ref=fn to="/blog/prodvizhenie-mobilnogo-prilozheniya" activeClass=undefined  ... > 
  at <NuxtLink key="prodvizhenie-mobilnogo-prilozheniya" to="/blog/prodvizhenie-mobilnogo-prilozheniya" class="group p-2 rounded-xl hover:bg-gray-50 transition-all" > 
  at <[slug] onVnodeUnmounted=fn<onVnodeUnmounted> ref=Ref< undefined > > 
  at <BaseTransition mode="out-in" appear=false persisted=false  ... > 
  at <Transition name="page" mode="out-in" ref=Ref< undefined > > 
  at <RouteProvider key="/blog/kak-vybrat-domen-i-hosting()" vnode= {__v_isVNode: true, __v_skip: true, type: , props: Object, key: null} route= {fullPath: /blog/kak-vybrat-domen-i-hosting, hash: , query: Object, name: blog-slug, path: /blog/kak-vybrat-domen-i-hosting}  ... > 
  at <RouterView name=undefined route=undefined > 
  at <NuxtPage > 
  at <App key=4 > 
  at <NuxtRoot> @ http://localhost:3000/_nuxt/node_modules/@vue/runtime-core/dist/runtime-core.esm-bundler.js?v=61ddcc6c:49
[    5584ms] [WARNING] [Vue warn]: Hydration attribute mismatch on JSHandle@node 
  - rendered on server: href="/blog/avtomatizatsiya-biznesa-ii"
  - expected on client: href="/blog/prodvizhenie-mobilnogo-prilozheniya"
  Note: this mismatch is check-only. The DOM will not be rectified in production due to performance overhead.
  You should fix the source of the mismatch. 
  at <RouterLink ref=fn to="/blog/prodvizhenie-mobilnogo-prilozheniya" activeClass=undefined  ... > 
  at <NuxtLink key="prodvizhenie-mobilnogo-prilozheniya" to="/blog/prodvizhenie-mobilnogo-prilozheniya" class="group p-2 rounded-xl hover:bg-gray-50 transition-all" > 
  at <[slug] onVnodeUnmounted=fn<onVnodeUnmounted> ref=Ref< undefined > > 
  at <BaseTransition mode="out-in" appear=false persisted=false  ... > 
  at <Transition name="page" mode="out-in" ref=Ref< undefined > > 
  at <RouteProvider key="/blog/kak-vybrat-domen-i-hosting()" vnode= {__v_isVNode: true, __v_skip: true, type: , props: Object, key: null} route= {fullPath: /blog/kak-vybrat-domen-i-hosting, hash: , query: Object, name: blog-slug, path: /blog/kak-vybrat-domen-i-hosting}  ... > 
  at <RouterView name=undefined route=undefined > 
  at <NuxtPage > 
  at <App key=4 > 
  at <NuxtRoot> @ http://localhost:3000/_nuxt/node_modules/@vue/runtime-core/dist/runtime-core.esm-bundler.js?v=61ddcc6c:49
[    5584ms] [WARNING] [Vue warn]: Hydration text content mismatch on JSHandle@node 
  - rendered on server: Как создать личный бренд с нуля: пошаговое руководство для эксперта
  - expected on client: Разработка сайта под ключ: полное руководство по этапам, срокам и стоимости 
  at <RouterLink ref=fn to="/blog/razrabotka-sayta-pod-klyuch" activeClass=undefined  ... > 
  at <NuxtLink key="razrabotka-sayta-pod-klyuch" to="/blog/razrabotka-sayta-pod-klyuch" class="group p-2 rounded-xl hover:bg-gray-50 transition-all" > 
  at <[slug] onVnodeUnmounted=fn<onVnodeUnmounted> ref=Ref< undefined > > 
  at <BaseTransition mode="out-in" appear=false persisted=false  ... > 
  at <Transition name="page" mode="out-in" ref=Ref< undefined > > 
  at <RouteProvider key="/blog/kak-vybrat-domen-i-hosting()" vnode= {__v_isVNode: true, __v_skip: true, type: , props: Object, key: null} route= {fullPath: /blog/kak-vybrat-domen-i-hosting, hash: , query: Object, name: blog-slug, path: /blog/kak-vybrat-domen-i-hosting}  ... > 
  at <RouterView name=undefined route=undefined > 
  at <NuxtPage > 
  at <App key=4 > 
  at <NuxtRoot> @ http://localhost:3000/_nuxt/node_modules/@vue/runtime-core/dist/runtime-core.esm-bundler.js?v=61ddcc6c:49
[    5585ms] [WARNING] [Vue warn]: Hydration attribute mismatch on JSHandle@node 
  - rendered on server: href="/blog/kak-sozdat-lichnyy-brend"
  - expected on client: href="/blog/razrabotka-sayta-pod-klyuch"
  Note: this mismatch is check-only. The DOM will not be rectified in production due to performance overhead.
  You should fix the source of the mismatch. 
  at <RouterLink ref=fn to="/blog/razrabotka-sayta-pod-klyuch" activeClass=undefined  ... > 
  at <NuxtLink key="razrabotka-sayta-pod-klyuch" to="/blog/razrabotka-sayta-pod-klyuch" class="group p-2 rounded-xl hover:bg-gray-50 transition-all" > 
  at <[slug] onVnodeUnmounted=fn<onVnodeUnmounted> ref=Ref< undefined > > 
  at <BaseTransition mode="out-in" appear=false persisted=false  ... > 
  at <Transition name="page" mode="out-in" ref=Ref< undefined > > 
  at <RouteProvider key="/blog/kak-vybrat-domen-i-hosting()" vnode= {__v_isVNode: true, __v_skip: true, type: , props: Object, key: null} route= {fullPath: /blog/kak-vybrat-domen-i-hosting, hash: , query: Object, name: blog-slug, path: /blog/kak-vybrat-domen-i-hosting}  ... > 
  at <RouterView name=undefined route=undefined > 
  at <NuxtPage > 
  at <App key=4 > 
  at <NuxtRoot> @ http://localhost:3000/_nuxt/node_modules/@vue/runtime-core/dist/runtime-core.esm-bundler.js?v=61ddcc6c:49
