[     659ms] [ERROR] Failed to load resource: the server responded with a status of 404 () @ https://tenchat.ru/tenchat-cloudpayments/api/web/auth/premium_order/gifts:0
[     660ms] [ERROR] Failed to load resource: the server responded with a status of 404 () @ https://tenchat.ru/tenchat-billing/api/web/auth/account/balance:0
[    1416ms] [WARNING] Destination image width or height more than source
src: https://cdn1.tenchat.ru/static/vbc-gostinder/user-picture/bb054bd3-9e83-4e73-9230-348de41760d1.jpeg @ https://cdn2.tenchat.ru/_nuxt/fVY6jQV9.js:57
[    1417ms] [WARNING] Destination image width or height more than source
src: https://cdn1.tenchat.ru/static/vbc-gostinder/user-picture/bb054bd3-9e83-4e73-9230-348de41760d1.jpeg @ https://cdn2.tenchat.ru/_nuxt/fVY6jQV9.js:57
[    1417ms] [WARNING] Destination image width or height more than source
src: https://cdn1.tenchat.ru/static/vbc-gostinder/user-picture/bb054bd3-9e83-4e73-9230-348de41760d1.jpeg @ https://cdn2.tenchat.ru/_nuxt/fVY6jQV9.js:57
[    1417ms] [WARNING] Destination image width or height more than source
src: https://cdn1.tenchat.ru/static/vbc-gostinder/user-picture/bb054bd3-9e83-4e73-9230-348de41760d1.jpeg @ https://cdn2.tenchat.ru/_nuxt/fVY6jQV9.js:57
[    1417ms] [WARNING] Destination image width or height more than source
src: https://cdn1.tenchat.ru/static/vbc-gostinder/user-picture/bb054bd3-9e83-4e73-9230-348de41760d1.jpeg @ https://cdn2.tenchat.ru/_nuxt/fVY6jQV9.js:57
[    1417ms] [WARNING] Destination image width or height more than source
src: https://cdn1.tenchat.ru/static/vbc-gostinder/user-picture/bb054bd3-9e83-4e73-9230-348de41760d1.jpeg @ https://cdn2.tenchat.ru/_nuxt/fVY6jQV9.js:57
[    1418ms] [WARNING] Destination image width or height more than source
src: https://cdn1.tenchat.ru/static/vbc-gostinder/user-picture/bb054bd3-9e83-4e73-9230-348de41760d1.jpeg @ https://cdn2.tenchat.ru/_nuxt/fVY6jQV9.js:57
[    1418ms] [WARNING] Destination image width or height more than source
src: https://cdn1.tenchat.ru/static/vbc-gostinder/user-picture/bb054bd3-9e83-4e73-9230-348de41760d1.jpeg @ https://cdn2.tenchat.ru/_nuxt/fVY6jQV9.js:57
[    1418ms] [WARNING] Destination image width or height more than source
src: https://cdn1.tenchat.ru/static/vbc-gostinder/user-picture/bb054bd3-9e83-4e73-9230-348de41760d1.jpeg @ https://cdn2.tenchat.ru/_nuxt/fVY6jQV9.js:57
[    1418ms] [WARNING] Destination image width or height more than source
src: https://cdn1.tenchat.ru/static/vbc-gostinder/user-picture/bb054bd3-9e83-4e73-9230-348de41760d1.jpeg @ https://cdn2.tenchat.ru/_nuxt/fVY6jQV9.js:57
[    1419ms] [WARNING] Destination image width or height more than source
src: https://cdn1.tenchat.ru/static/vbc-gostinder/user-picture/bb054bd3-9e83-4e73-9230-348de41760d1.jpeg @ https://cdn2.tenchat.ru/_nuxt/fVY6jQV9.js:57
[    1419ms] [WARNING] Destination image width or height more than source
src: https://cdn1.tenchat.ru/static/vbc-gostinder/user-picture/bb054bd3-9e83-4e73-9230-348de41760d1.jpeg @ https://cdn2.tenchat.ru/_nuxt/fVY6jQV9.js:57
[    1419ms] [WARNING] Destination image width or height more than source
src: https://cdn1.tenchat.ru/static/vbc-gostinder/user-picture/bb054bd3-9e83-4e73-9230-348de41760d1.jpeg @ https://cdn2.tenchat.ru/_nuxt/fVY6jQV9.js:57
[    1419ms] [WARNING] Destination image width or height more than source
src: https://cdn1.tenchat.ru/static/vbc-gostinder/user-picture/bb054bd3-9e83-4e73-9230-348de41760d1.jpeg @ https://cdn2.tenchat.ru/_nuxt/fVY6jQV9.js:57
[    1419ms] [WARNING] Destination image width or height more than source
src: https://cdn1.tenchat.ru/static/vbc-gostinder/user-picture/bb054bd3-9e83-4e73-9230-348de41760d1.jpeg @ https://cdn2.tenchat.ru/_nuxt/fVY6jQV9.js:57
[    1420ms] [WARNING] Destination image width or height more than source
src: https://cdn1.tenchat.ru/static/vbc-gostinder/user-picture/bb054bd3-9e83-4e73-9230-348de41760d1.jpeg @ https://cdn2.tenchat.ru/_nuxt/fVY6jQV9.js:57
[    1420ms] [WARNING] Destination image width or height more than source
src: https://cdn1.tenchat.ru/static/vbc-gostinder/user-picture/bb054bd3-9e83-4e73-9230-348de41760d1.jpeg @ https://cdn2.tenchat.ru/_nuxt/fVY6jQV9.js:57
[    1420ms] [WARNING] Destination image width or height more than source
src: https://cdn1.tenchat.ru/static/vbc-gostinder/user-picture/bb054bd3-9e83-4e73-9230-348de41760d1.jpeg @ https://cdn2.tenchat.ru/_nuxt/fVY6jQV9.js:57
[    1420ms] [WARNING] Destination image width or height more than source
src: https://cdn1.tenchat.ru/static/vbc-gostinder/user-picture/bb054bd3-9e83-4e73-9230-348de41760d1.jpeg @ https://cdn2.tenchat.ru/_nuxt/fVY6jQV9.js:57
[    1420ms] [WARNING] Destination image width or height more than source
src: https://cdn1.tenchat.ru/static/vbc-gostinder/user-picture/bb054bd3-9e83-4e73-9230-348de41760d1.jpeg @ https://cdn2.tenchat.ru/_nuxt/fVY6jQV9.js:57
[    1421ms] [WARNING] Destination image width or height more than source
src: https://cdn1.tenchat.ru/static/vbc-gostinder/user-picture/bb054bd3-9e83-4e73-9230-348de41760d1.jpeg @ https://cdn2.tenchat.ru/_nuxt/fVY6jQV9.js:57
[    1421ms] [WARNING] Destination image width or height more than source
src: https://cdn1.tenchat.ru/static/vbc-gostinder/user-picture/bb054bd3-9e83-4e73-9230-348de41760d1.jpeg @ https://cdn2.tenchat.ru/_nuxt/fVY6jQV9.js:57
[    1421ms] [WARNING] Destination image width or height more than source
src: https://cdn1.tenchat.ru/static/vbc-gostinder/user-picture/bb054bd3-9e83-4e73-9230-348de41760d1.jpeg @ https://cdn2.tenchat.ru/_nuxt/fVY6jQV9.js:57
[    1421ms] [WARNING] Destination image width or height more than source
src: https://cdn1.tenchat.ru/static/vbc-gostinder/user-picture/bb054bd3-9e83-4e73-9230-348de41760d1.jpeg @ https://cdn2.tenchat.ru/_nuxt/fVY6jQV9.js:57
[    1422ms] [WARNING] Destination image width or height more than source
src: https://cdn1.tenchat.ru/static/vbc-gostinder/user-picture/bb054bd3-9e83-4e73-9230-348de41760d1.jpeg @ https://cdn2.tenchat.ru/_nuxt/fVY6jQV9.js:57
[    1422ms] [WARNING] Destination image width or height more than source
src: https://cdn1.tenchat.ru/static/vbc-gostinder/user-picture/bb054bd3-9e83-4e73-9230-348de41760d1.jpeg @ https://cdn2.tenchat.ru/_nuxt/fVY6jQV9.js:57
[    1426ms] [WARNING] Destination image width or height more than source
src: https://cdn1.tenchat.ru/static/vbc-gostinder/user-picture/c6f538f6-0f5b-4fe1-a3c1-06623f454157.jpg @ https://cdn2.tenchat.ru/_nuxt/fVY6jQV9.js:57
[    1426ms] [WARNING] Destination image width or height more than source
src: https://cdn1.tenchat.ru/static/vbc-gostinder/user-picture/c6f538f6-0f5b-4fe1-a3c1-06623f454157.jpg @ https://cdn2.tenchat.ru/_nuxt/fVY6jQV9.js:57
[    1426ms] [WARNING] Destination image width or height more than source
src: https://cdn1.tenchat.ru/static/vbc-gostinder/user-picture/c6f538f6-0f5b-4fe1-a3c1-06623f454157.jpg @ https://cdn2.tenchat.ru/_nuxt/fVY6jQV9.js:57
[    1426ms] [WARNING] Destination image width or height more than source
src: https://cdn1.tenchat.ru/static/vbc-gostinder/user-picture/c6f538f6-0f5b-4fe1-a3c1-06623f454157.jpg @ https://cdn2.tenchat.ru/_nuxt/fVY6jQV9.js:57
[    1427ms] [WARNING] Destination image width or height more than source
src: https://cdn1.tenchat.ru/static/vbc-gostinder/user-picture/c6f538f6-0f5b-4fe1-a3c1-06623f454157.jpg @ https://cdn2.tenchat.ru/_nuxt/fVY6jQV9.js:57
[    1427ms] [WARNING] Destination image width or height more than source
src: https://cdn1.tenchat.ru/static/vbc-gostinder/user-picture/c6f538f6-0f5b-4fe1-a3c1-06623f454157.jpg @ https://cdn2.tenchat.ru/_nuxt/fVY6jQV9.js:57
[    1427ms] [WARNING] Destination image width or height more than source
src: https://cdn1.tenchat.ru/static/vbc-gostinder/user-picture/c6f538f6-0f5b-4fe1-a3c1-06623f454157.jpg @ https://cdn2.tenchat.ru/_nuxt/fVY6jQV9.js:57
[    1427ms] [WARNING] Destination image width or height more than source
src: https://cdn1.tenchat.ru/static/vbc-gostinder/user-picture/c6f538f6-0f5b-4fe1-a3c1-06623f454157.jpg @ https://cdn2.tenchat.ru/_nuxt/fVY6jQV9.js:57
[    1427ms] [WARNING] Destination image width or height more than source
src: https://cdn1.tenchat.ru/static/vbc-gostinder/user-picture/c6f538f6-0f5b-4fe1-a3c1-06623f454157.jpg @ https://cdn2.tenchat.ru/_nuxt/fVY6jQV9.js:57
[    1428ms] [WARNING] Destination image width or height more than source
src: https://cdn1.tenchat.ru/static/vbc-gostinder/user-picture/c6f538f6-0f5b-4fe1-a3c1-06623f454157.jpg @ https://cdn2.tenchat.ru/_nuxt/fVY6jQV9.js:57
[    1428ms] [WARNING] Destination image width or height more than source
src: https://cdn1.tenchat.ru/static/vbc-gostinder/user-picture/c6f538f6-0f5b-4fe1-a3c1-06623f454157.jpg @ https://cdn2.tenchat.ru/_nuxt/fVY6jQV9.js:57
[    1428ms] [WARNING] Destination image width or height more than source
src: https://cdn1.tenchat.ru/static/vbc-gostinder/user-picture/c6f538f6-0f5b-4fe1-a3c1-06623f454157.jpg @ https://cdn2.tenchat.ru/_nuxt/fVY6jQV9.js:57
[    1429ms] [WARNING] Destination image width or height more than source
src: https://cdn1.tenchat.ru/static/vbc-gostinder/user-picture/c6f538f6-0f5b-4fe1-a3c1-06623f454157.jpg @ https://cdn2.tenchat.ru/_nuxt/fVY6jQV9.js:57
[    1429ms] [WARNING] Destination image width or height more than source
src: https://cdn1.tenchat.ru/static/vbc-gostinder/user-picture/c6f538f6-0f5b-4fe1-a3c1-06623f454157.jpg @ https://cdn2.tenchat.ru/_nuxt/fVY6jQV9.js:57
[    1429ms] [WARNING] Destination image width or height more than source
src: https://cdn1.tenchat.ru/static/vbc-gostinder/user-picture/c6f538f6-0f5b-4fe1-a3c1-06623f454157.jpg @ https://cdn2.tenchat.ru/_nuxt/fVY6jQV9.js:57
[    1429ms] [WARNING] Destination image width or height more than source
src: https://cdn1.tenchat.ru/static/vbc-gostinder/user-picture/c6f538f6-0f5b-4fe1-a3c1-06623f454157.jpg @ https://cdn2.tenchat.ru/_nuxt/fVY6jQV9.js:57
[    1430ms] [WARNING] Destination image width or height more than source
src: https://cdn1.tenchat.ru/static/vbc-gostinder/user-picture/c6f538f6-0f5b-4fe1-a3c1-06623f454157.jpg @ https://cdn2.tenchat.ru/_nuxt/fVY6jQV9.js:57
[    1430ms] [WARNING] Destination image width or height more than source
src: https://cdn1.tenchat.ru/static/vbc-gostinder/user-picture/c6f538f6-0f5b-4fe1-a3c1-06623f454157.jpg @ https://cdn2.tenchat.ru/_nuxt/fVY6jQV9.js:57
[    1430ms] [WARNING] Destination image width or height more than source
src: https://cdn1.tenchat.ru/static/vbc-gostinder/user-picture/c6f538f6-0f5b-4fe1-a3c1-06623f454157.jpg @ https://cdn2.tenchat.ru/_nuxt/fVY6jQV9.js:57
[    1430ms] [WARNING] Destination image width or height more than source
src: https://cdn1.tenchat.ru/static/vbc-gostinder/user-picture/c6f538f6-0f5b-4fe1-a3c1-06623f454157.jpg @ https://cdn2.tenchat.ru/_nuxt/fVY6jQV9.js:57
[    1431ms] [WARNING] Destination image width or height more than source
src: https://cdn1.tenchat.ru/static/vbc-gostinder/user-picture/c6f538f6-0f5b-4fe1-a3c1-06623f454157.jpg @ https://cdn2.tenchat.ru/_nuxt/fVY6jQV9.js:57
[    1431ms] [WARNING] Destination image width or height more than source
src: https://cdn1.tenchat.ru/static/vbc-gostinder/user-picture/c6f538f6-0f5b-4fe1-a3c1-06623f454157.jpg @ https://cdn2.tenchat.ru/_nuxt/fVY6jQV9.js:57
[    1431ms] [WARNING] Destination image width or height more than source
src: https://cdn1.tenchat.ru/static/vbc-gostinder/user-picture/c6f538f6-0f5b-4fe1-a3c1-06623f454157.jpg @ https://cdn2.tenchat.ru/_nuxt/fVY6jQV9.js:57
[    1431ms] [WARNING] Destination image width or height more than source
src: https://cdn1.tenchat.ru/static/vbc-gostinder/user-picture/c6f538f6-0f5b-4fe1-a3c1-06623f454157.jpg @ https://cdn2.tenchat.ru/_nuxt/fVY6jQV9.js:57
[    1432ms] [WARNING] Destination image width or height more than source
src: https://cdn1.tenchat.ru/static/vbc-gostinder/user-picture/c6f538f6-0f5b-4fe1-a3c1-06623f454157.jpg @ https://cdn2.tenchat.ru/_nuxt/fVY6jQV9.js:57
[    1432ms] [WARNING] Destination image width or height more than source
src: https://cdn1.tenchat.ru/static/vbc-gostinder/user-picture/c6f538f6-0f5b-4fe1-a3c1-06623f454157.jpg @ https://cdn2.tenchat.ru/_nuxt/fVY6jQV9.js:57
[    1570ms] [WARNING] Destination image width or height more than source
src: https://cdn1.tenchat.ru/static/vbc-gostinder/user-picture/8a297dae-a2fa-4062-b9de-ee24b4ccb436.jpg @ https://cdn2.tenchat.ru/_nuxt/fVY6jQV9.js:57
[    1570ms] [WARNING] Destination image width or height more than source
src: https://cdn1.tenchat.ru/static/vbc-gostinder/user-picture/8a297dae-a2fa-4062-b9de-ee24b4ccb436.jpg @ https://cdn2.tenchat.ru/_nuxt/fVY6jQV9.js:57
[    1570ms] [WARNING] Destination image width or height more than source
src: https://cdn1.tenchat.ru/static/vbc-gostinder/user-picture/8a297dae-a2fa-4062-b9de-ee24b4ccb436.jpg @ https://cdn2.tenchat.ru/_nuxt/fVY6jQV9.js:57
[    1570ms] [WARNING] Destination image width or height more than source
src: https://cdn1.tenchat.ru/static/vbc-gostinder/user-picture/8a297dae-a2fa-4062-b9de-ee24b4ccb436.jpg @ https://cdn2.tenchat.ru/_nuxt/fVY6jQV9.js:57
[    1571ms] [WARNING] Destination image width or height more than source
src: https://cdn1.tenchat.ru/static/vbc-gostinder/user-picture/8a297dae-a2fa-4062-b9de-ee24b4ccb436.jpg @ https://cdn2.tenchat.ru/_nuxt/fVY6jQV9.js:57
[    1571ms] [WARNING] Destination image width or height more than source
src: https://cdn1.tenchat.ru/static/vbc-gostinder/user-picture/8a297dae-a2fa-4062-b9de-ee24b4ccb436.jpg @ https://cdn2.tenchat.ru/_nuxt/fVY6jQV9.js:57
[    1571ms] [WARNING] Destination image width or height more than source
src: https://cdn1.tenchat.ru/static/vbc-gostinder/user-picture/8a297dae-a2fa-4062-b9de-ee24b4ccb436.jpg @ https://cdn2.tenchat.ru/_nuxt/fVY6jQV9.js:57
[    1571ms] [WARNING] Destination image width or height more than source
src: https://cdn1.tenchat.ru/static/vbc-gostinder/user-picture/8a297dae-a2fa-4062-b9de-ee24b4ccb436.jpg @ https://cdn2.tenchat.ru/_nuxt/fVY6jQV9.js:57
[    1571ms] [WARNING] Destination image width or height more than source
src: https://cdn1.tenchat.ru/static/vbc-gostinder/user-picture/8a297dae-a2fa-4062-b9de-ee24b4ccb436.jpg @ https://cdn2.tenchat.ru/_nuxt/fVY6jQV9.js:57
[    1572ms] [WARNING] Destination image width or height more than source
src: https://cdn1.tenchat.ru/static/vbc-gostinder/user-picture/8a297dae-a2fa-4062-b9de-ee24b4ccb436.jpg @ https://cdn2.tenchat.ru/_nuxt/fVY6jQV9.js:57
[    1572ms] [WARNING] Destination image width or height more than source
src: https://cdn1.tenchat.ru/static/vbc-gostinder/user-picture/8a297dae-a2fa-4062-b9de-ee24b4ccb436.jpg @ https://cdn2.tenchat.ru/_nuxt/fVY6jQV9.js:57
[    1572ms] [WARNING] Destination image width or height more than source
src: https://cdn1.tenchat.ru/static/vbc-gostinder/user-picture/8a297dae-a2fa-4062-b9de-ee24b4ccb436.jpg @ https://cdn2.tenchat.ru/_nuxt/fVY6jQV9.js:57
[    1572ms] [WARNING] Destination image width or height more than source
src: https://cdn1.tenchat.ru/static/vbc-gostinder/user-picture/8a297dae-a2fa-4062-b9de-ee24b4ccb436.jpg @ https://cdn2.tenchat.ru/_nuxt/fVY6jQV9.js:57
[    1573ms] [WARNING] Destination image width or height more than source
src: https://cdn1.tenchat.ru/static/vbc-gostinder/user-picture/8a297dae-a2fa-4062-b9de-ee24b4ccb436.jpg @ https://cdn2.tenchat.ru/_nuxt/fVY6jQV9.js:57
[    1573ms] [WARNING] Destination image width or height more than source
src: https://cdn1.tenchat.ru/static/vbc-gostinder/user-picture/8a297dae-a2fa-4062-b9de-ee24b4ccb436.jpg @ https://cdn2.tenchat.ru/_nuxt/fVY6jQV9.js:57
[    1573ms] [WARNING] Destination image width or height more than source
src: https://cdn1.tenchat.ru/static/vbc-gostinder/user-picture/8a297dae-a2fa-4062-b9de-ee24b4ccb436.jpg @ https://cdn2.tenchat.ru/_nuxt/fVY6jQV9.js:57
[    1573ms] [WARNING] Destination image width or height more than source
src: https://cdn1.tenchat.ru/static/vbc-gostinder/user-picture/8a297dae-a2fa-4062-b9de-ee24b4ccb436.jpg @ https://cdn2.tenchat.ru/_nuxt/fVY6jQV9.js:57
[    1574ms] [WARNING] Destination image width or height more than source
src: https://cdn1.tenchat.ru/static/vbc-gostinder/user-picture/8a297dae-a2fa-4062-b9de-ee24b4ccb436.jpg @ https://cdn2.tenchat.ru/_nuxt/fVY6jQV9.js:57
[    1574ms] [WARNING] Destination image width or height more than source
src: https://cdn1.tenchat.ru/static/vbc-gostinder/user-picture/8a297dae-a2fa-4062-b9de-ee24b4ccb436.jpg @ https://cdn2.tenchat.ru/_nuxt/fVY6jQV9.js:57
[    1574ms] [WARNING] Destination image width or height more than source
src: https://cdn1.tenchat.ru/static/vbc-gostinder/user-picture/8a297dae-a2fa-4062-b9de-ee24b4ccb436.jpg @ https://cdn2.tenchat.ru/_nuxt/fVY6jQV9.js:57
[    1574ms] [WARNING] Destination image width or height more than source
src: https://cdn1.tenchat.ru/static/vbc-gostinder/user-picture/8a297dae-a2fa-4062-b9de-ee24b4ccb436.jpg @ https://cdn2.tenchat.ru/_nuxt/fVY6jQV9.js:57
[    1574ms] [WARNING] Destination image width or height more than source
src: https://cdn1.tenchat.ru/static/vbc-gostinder/user-picture/8a297dae-a2fa-4062-b9de-ee24b4ccb436.jpg @ https://cdn2.tenchat.ru/_nuxt/fVY6jQV9.js:57
[    1575ms] [WARNING] Destination image width or height more than source
src: https://cdn1.tenchat.ru/static/vbc-gostinder/user-picture/8a297dae-a2fa-4062-b9de-ee24b4ccb436.jpg @ https://cdn2.tenchat.ru/_nuxt/fVY6jQV9.js:57
[    1575ms] [WARNING] Destination image width or height more than source
src: https://cdn1.tenchat.ru/static/vbc-gostinder/user-picture/8a297dae-a2fa-4062-b9de-ee24b4ccb436.jpg @ https://cdn2.tenchat.ru/_nuxt/fVY6jQV9.js:57
[    1575ms] [WARNING] Destination image width or height more than source
src: https://cdn1.tenchat.ru/static/vbc-gostinder/user-picture/8a297dae-a2fa-4062-b9de-ee24b4ccb436.jpg @ https://cdn2.tenchat.ru/_nuxt/fVY6jQV9.js:57
[    1575ms] [WARNING] Destination image width or height more than source
src: https://cdn1.tenchat.ru/static/vbc-gostinder/user-picture/8a297dae-a2fa-4062-b9de-ee24b4ccb436.jpg @ https://cdn2.tenchat.ru/_nuxt/fVY6jQV9.js:57
[    1811ms] [WARNING] Destination image width or height more than source
src: https://cdn1.tenchat.ru/static/vbc-gostinder/user-picture/1b0b9682-607d-4f87-9273-ef07b8579c0e.jpeg @ https://cdn2.tenchat.ru/_nuxt/fVY6jQV9.js:57
[    1811ms] [WARNING] Destination image width or height more than source
src: https://cdn1.tenchat.ru/static/vbc-gostinder/user-picture/1b0b9682-607d-4f87-9273-ef07b8579c0e.jpeg @ https://cdn2.tenchat.ru/_nuxt/fVY6jQV9.js:57
[    1812ms] [WARNING] Destination image width or height more than source
src: https://cdn1.tenchat.ru/static/vbc-gostinder/user-picture/1b0b9682-607d-4f87-9273-ef07b8579c0e.jpeg @ https://cdn2.tenchat.ru/_nuxt/fVY6jQV9.js:57
[    1812ms] [WARNING] Destination image width or height more than source
src: https://cdn1.tenchat.ru/static/vbc-gostinder/user-picture/1b0b9682-607d-4f87-9273-ef07b8579c0e.jpeg @ https://cdn2.tenchat.ru/_nuxt/fVY6jQV9.js:57
[    1812ms] [WARNING] Destination image width or height more than source
src: https://cdn1.tenchat.ru/static/vbc-gostinder/user-picture/1b0b9682-607d-4f87-9273-ef07b8579c0e.jpeg @ https://cdn2.tenchat.ru/_nuxt/fVY6jQV9.js:57
[    1813ms] [WARNING] Destination image width or height more than source
src: https://cdn1.tenchat.ru/static/vbc-gostinder/user-picture/1b0b9682-607d-4f87-9273-ef07b8579c0e.jpeg @ https://cdn2.tenchat.ru/_nuxt/fVY6jQV9.js:57
[    1813ms] [WARNING] Destination image width or height more than source
src: https://cdn1.tenchat.ru/static/vbc-gostinder/user-picture/1b0b9682-607d-4f87-9273-ef07b8579c0e.jpeg @ https://cdn2.tenchat.ru/_nuxt/fVY6jQV9.js:57
[    1813ms] [WARNING] Destination image width or height more than source
src: https://cdn1.tenchat.ru/static/vbc-gostinder/user-picture/1b0b9682-607d-4f87-9273-ef07b8579c0e.jpeg @ https://cdn2.tenchat.ru/_nuxt/fVY6jQV9.js:57
[    1813ms] [WARNING] Destination image width or height more than source
src: https://cdn1.tenchat.ru/static/vbc-gostinder/user-picture/1b0b9682-607d-4f87-9273-ef07b8579c0e.jpeg @ https://cdn2.tenchat.ru/_nuxt/fVY6jQV9.js:57
[    1814ms] [WARNING] Destination image width or height more than source
src: https://cdn1.tenchat.ru/static/vbc-gostinder/user-picture/1b0b9682-607d-4f87-9273-ef07b8579c0e.jpeg @ https://cdn2.tenchat.ru/_nuxt/fVY6jQV9.js:57
[    1814ms] [WARNING] Destination image width or height more than source
src: https://cdn1.tenchat.ru/static/vbc-gostinder/user-picture/1b0b9682-607d-4f87-9273-ef07b8579c0e.jpeg @ https://cdn2.tenchat.ru/_nuxt/fVY6jQV9.js:57
[    1814ms] [WARNING] Destination image width or height more than source
src: https://cdn1.tenchat.ru/static/vbc-gostinder/user-picture/1b0b9682-607d-4f87-9273-ef07b8579c0e.jpeg @ https://cdn2.tenchat.ru/_nuxt/fVY6jQV9.js:57
[    1815ms] [WARNING] Destination image width or height more than source
src: https://cdn1.tenchat.ru/static/vbc-gostinder/user-picture/1b0b9682-607d-4f87-9273-ef07b8579c0e.jpeg @ https://cdn2.tenchat.ru/_nuxt/fVY6jQV9.js:57
[    1815ms] [WARNING] Destination image width or height more than source
src: https://cdn1.tenchat.ru/static/vbc-gostinder/user-picture/1b0b9682-607d-4f87-9273-ef07b8579c0e.jpeg @ https://cdn2.tenchat.ru/_nuxt/fVY6jQV9.js:57
[    1815ms] [WARNING] Destination image width or height more than source
src: https://cdn1.tenchat.ru/static/vbc-gostinder/user-picture/1b0b9682-607d-4f87-9273-ef07b8579c0e.jpeg @ https://cdn2.tenchat.ru/_nuxt/fVY6jQV9.js:57
[    1815ms] [WARNING] Destination image width or height more than source
src: https://cdn1.tenchat.ru/static/vbc-gostinder/user-picture/1b0b9682-607d-4f87-9273-ef07b8579c0e.jpeg @ https://cdn2.tenchat.ru/_nuxt/fVY6jQV9.js:57
[    1816ms] [WARNING] Destination image width or height more than source
src: https://cdn1.tenchat.ru/static/vbc-gostinder/user-picture/1b0b9682-607d-4f87-9273-ef07b8579c0e.jpeg @ https://cdn2.tenchat.ru/_nuxt/fVY6jQV9.js:57
[    1816ms] [WARNING] Destination image width or height more than source
src: https://cdn1.tenchat.ru/static/vbc-gostinder/user-picture/1b0b9682-607d-4f87-9273-ef07b8579c0e.jpeg @ https://cdn2.tenchat.ru/_nuxt/fVY6jQV9.js:57
[    1816ms] [WARNING] Destination image width or height more than source
src: https://cdn1.tenchat.ru/static/vbc-gostinder/user-picture/1b0b9682-607d-4f87-9273-ef07b8579c0e.jpeg @ https://cdn2.tenchat.ru/_nuxt/fVY6jQV9.js:57
[    1816ms] [WARNING] Destination image width or height more than source
src: https://cdn1.tenchat.ru/static/vbc-gostinder/user-picture/1b0b9682-607d-4f87-9273-ef07b8579c0e.jpeg @ https://cdn2.tenchat.ru/_nuxt/fVY6jQV9.js:57
[    1817ms] [WARNING] Destination image width or height more than source
src: https://cdn1.tenchat.ru/static/vbc-gostinder/user-picture/1b0b9682-607d-4f87-9273-ef07b8579c0e.jpeg @ https://cdn2.tenchat.ru/_nuxt/fVY6jQV9.js:57
[    1817ms] [WARNING] Destination image width or height more than source
src: https://cdn1.tenchat.ru/static/vbc-gostinder/user-picture/1b0b9682-607d-4f87-9273-ef07b8579c0e.jpeg @ https://cdn2.tenchat.ru/_nuxt/fVY6jQV9.js:57
[    1817ms] [WARNING] Destination image width or height more than source
src: https://cdn1.tenchat.ru/static/vbc-gostinder/user-picture/1b0b9682-607d-4f87-9273-ef07b8579c0e.jpeg @ https://cdn2.tenchat.ru/_nuxt/fVY6jQV9.js:57
[    1817ms] [WARNING] Destination image width or height more than source
src: https://cdn1.tenchat.ru/static/vbc-gostinder/user-picture/1b0b9682-607d-4f87-9273-ef07b8579c0e.jpeg @ https://cdn2.tenchat.ru/_nuxt/fVY6jQV9.js:57
[    1817ms] [WARNING] Destination image width or height more than source
src: https://cdn1.tenchat.ru/static/vbc-gostinder/user-picture/1b0b9682-607d-4f87-9273-ef07b8579c0e.jpeg @ https://cdn2.tenchat.ru/_nuxt/fVY6jQV9.js:57
[    1818ms] [WARNING] Destination image width or height more than source
src: https://cdn1.tenchat.ru/static/vbc-gostinder/user-picture/1b0b9682-607d-4f87-9273-ef07b8579c0e.jpeg @ https://cdn2.tenchat.ru/_nuxt/fVY6jQV9.js:57
[    1944ms] [WARNING] Destination image width or height more than source
src: https://cdn1.tenchat.ru/static/vbc-gostinder/user-picture/2ad269f7-363a-489f-b5cf-158dd0b8a0c6.jpg @ https://cdn2.tenchat.ru/_nuxt/fVY6jQV9.js:57
[    1944ms] [WARNING] Destination image width or height more than source
src: https://cdn1.tenchat.ru/static/vbc-gostinder/user-picture/2ad269f7-363a-489f-b5cf-158dd0b8a0c6.jpg @ https://cdn2.tenchat.ru/_nuxt/fVY6jQV9.js:57
[    1944ms] [WARNING] Destination image width or height more than source
src: https://cdn1.tenchat.ru/static/vbc-gostinder/user-picture/2ad269f7-363a-489f-b5cf-158dd0b8a0c6.jpg @ https://cdn2.tenchat.ru/_nuxt/fVY6jQV9.js:57
[    1945ms] [WARNING] Destination image width or height more than source
src: https://cdn1.tenchat.ru/static/vbc-gostinder/user-picture/2ad269f7-363a-489f-b5cf-158dd0b8a0c6.jpg @ https://cdn2.tenchat.ru/_nuxt/fVY6jQV9.js:57
[    1945ms] [WARNING] Destination image width or height more than source
src: https://cdn1.tenchat.ru/static/vbc-gostinder/user-picture/2ad269f7-363a-489f-b5cf-158dd0b8a0c6.jpg @ https://cdn2.tenchat.ru/_nuxt/fVY6jQV9.js:57
[    1945ms] [WARNING] Destination image width or height more than source
src: https://cdn1.tenchat.ru/static/vbc-gostinder/user-picture/2ad269f7-363a-489f-b5cf-158dd0b8a0c6.jpg @ https://cdn2.tenchat.ru/_nuxt/fVY6jQV9.js:57
[    1945ms] [WARNING] Destination image width or height more than source
src: https://cdn1.tenchat.ru/static/vbc-gostinder/user-picture/2ad269f7-363a-489f-b5cf-158dd0b8a0c6.jpg @ https://cdn2.tenchat.ru/_nuxt/fVY6jQV9.js:57
[    1948ms] [WARNING] Destination image width or height more than source
src: https://cdn1.tenchat.ru/static/vbc-gostinder/user-picture/2ad269f7-363a-489f-b5cf-158dd0b8a0c6.jpg @ https://cdn2.tenchat.ru/_nuxt/fVY6jQV9.js:57
[    1948ms] [WARNING] Destination image width or height more than source
src: https://cdn1.tenchat.ru/static/vbc-gostinder/user-picture/2ad269f7-363a-489f-b5cf-158dd0b8a0c6.jpg @ https://cdn2.tenchat.ru/_nuxt/fVY6jQV9.js:57
[    1948ms] [WARNING] Destination image width or height more than source
src: https://cdn1.tenchat.ru/static/vbc-gostinder/user-picture/2ad269f7-363a-489f-b5cf-158dd0b8a0c6.jpg @ https://cdn2.tenchat.ru/_nuxt/fVY6jQV9.js:57
[    1949ms] [WARNING] Destination image width or height more than source
src: https://cdn1.tenchat.ru/static/vbc-gostinder/user-picture/2ad269f7-363a-489f-b5cf-158dd0b8a0c6.jpg @ https://cdn2.tenchat.ru/_nuxt/fVY6jQV9.js:57
[    1949ms] [WARNING] Destination image width or height more than source
src: https://cdn1.tenchat.ru/static/vbc-gostinder/user-picture/2ad269f7-363a-489f-b5cf-158dd0b8a0c6.jpg @ https://cdn2.tenchat.ru/_nuxt/fVY6jQV9.js:57
[    1949ms] [WARNING] Destination image width or height more than source
src: https://cdn1.tenchat.ru/static/vbc-gostinder/user-picture/2ad269f7-363a-489f-b5cf-158dd0b8a0c6.jpg @ https://cdn2.tenchat.ru/_nuxt/fVY6jQV9.js:57
[    1949ms] [WARNING] Destination image width or height more than source
src: https://cdn1.tenchat.ru/static/vbc-gostinder/user-picture/2ad269f7-363a-489f-b5cf-158dd0b8a0c6.jpg @ https://cdn2.tenchat.ru/_nuxt/fVY6jQV9.js:57
[    1949ms] [WARNING] Destination image width or height more than source
src: https://cdn1.tenchat.ru/static/vbc-gostinder/user-picture/2ad269f7-363a-489f-b5cf-158dd0b8a0c6.jpg @ https://cdn2.tenchat.ru/_nuxt/fVY6jQV9.js:57
[    1950ms] [WARNING] Destination image width or height more than source
src: https://cdn1.tenchat.ru/static/vbc-gostinder/user-picture/2ad269f7-363a-489f-b5cf-158dd0b8a0c6.jpg @ https://cdn2.tenchat.ru/_nuxt/fVY6jQV9.js:57
[    1950ms] [WARNING] Destination image width or height more than source
src: https://cdn1.tenchat.ru/static/vbc-gostinder/user-picture/2ad269f7-363a-489f-b5cf-158dd0b8a0c6.jpg @ https://cdn2.tenchat.ru/_nuxt/fVY6jQV9.js:57
[    1950ms] [WARNING] Destination image width or height more than source
src: https://cdn1.tenchat.ru/static/vbc-gostinder/user-picture/2ad269f7-363a-489f-b5cf-158dd0b8a0c6.jpg @ https://cdn2.tenchat.ru/_nuxt/fVY6jQV9.js:57
[    1950ms] [WARNING] Destination image width or height more than source
src: https://cdn1.tenchat.ru/static/vbc-gostinder/user-picture/2ad269f7-363a-489f-b5cf-158dd0b8a0c6.jpg @ https://cdn2.tenchat.ru/_nuxt/fVY6jQV9.js:57
[    1950ms] [WARNING] Destination image width or height more than source
src: https://cdn1.tenchat.ru/static/vbc-gostinder/user-picture/2ad269f7-363a-489f-b5cf-158dd0b8a0c6.jpg @ https://cdn2.tenchat.ru/_nuxt/fVY6jQV9.js:57
[    1951ms] [WARNING] Destination image width or height more than source
src: https://cdn1.tenchat.ru/static/vbc-gostinder/user-picture/2ad269f7-363a-489f-b5cf-158dd0b8a0c6.jpg @ https://cdn2.tenchat.ru/_nuxt/fVY6jQV9.js:57
[    1951ms] [WARNING] Destination image width or height more than source
src: https://cdn1.tenchat.ru/static/vbc-gostinder/user-picture/2ad269f7-363a-489f-b5cf-158dd0b8a0c6.jpg @ https://cdn2.tenchat.ru/_nuxt/fVY6jQV9.js:57
[    1951ms] [WARNING] Destination image width or height more than source
src: https://cdn1.tenchat.ru/static/vbc-gostinder/user-picture/2ad269f7-363a-489f-b5cf-158dd0b8a0c6.jpg @ https://cdn2.tenchat.ru/_nuxt/fVY6jQV9.js:57
[    1951ms] [WARNING] Destination image width or height more than source
src: https://cdn1.tenchat.ru/static/vbc-gostinder/user-picture/2ad269f7-363a-489f-b5cf-158dd0b8a0c6.jpg @ https://cdn2.tenchat.ru/_nuxt/fVY6jQV9.js:57
[    1951ms] [WARNING] Destination image width or height more than source
src: https://cdn1.tenchat.ru/static/vbc-gostinder/user-picture/2ad269f7-363a-489f-b5cf-158dd0b8a0c6.jpg @ https://cdn2.tenchat.ru/_nuxt/fVY6jQV9.js:57
[    1952ms] [WARNING] Destination image width or height more than source
src: https://cdn1.tenchat.ru/static/vbc-gostinder/user-picture/2ad269f7-363a-489f-b5cf-158dd0b8a0c6.jpg @ https://cdn2.tenchat.ru/_nuxt/fVY6jQV9.js:57
[    1952ms] [WARNING] Destination image width or height more than source
src: https://cdn1.tenchat.ru/static/vbc-gostinder/user-picture/2ad269f7-363a-489f-b5cf-158dd0b8a0c6.jpg @ https://cdn2.tenchat.ru/_nuxt/fVY6jQV9.js:57
[    1952ms] [WARNING] Destination image width or height more than source
src: https://cdn1.tenchat.ru/static/vbc-gostinder/user-picture/2ad269f7-363a-489f-b5cf-158dd0b8a0c6.jpg @ https://cdn2.tenchat.ru/_nuxt/fVY6jQV9.js:57
[    1952ms] [WARNING] Destination image width or height more than source
src: https://cdn1.tenchat.ru/static/vbc-gostinder/user-picture/2ad269f7-363a-489f-b5cf-158dd0b8a0c6.jpg @ https://cdn2.tenchat.ru/_nuxt/fVY6jQV9.js:57
[    1952ms] [WARNING] Destination image width or height more than source
src: https://cdn1.tenchat.ru/static/vbc-gostinder/user-picture/2ad269f7-363a-489f-b5cf-158dd0b8a0c6.jpg @ https://cdn2.tenchat.ru/_nuxt/fVY6jQV9.js:57
[    1953ms] [WARNING] Destination image width or height more than source
src: https://cdn1.tenchat.ru/static/vbc-gostinder/user-picture/2ad269f7-363a-489f-b5cf-158dd0b8a0c6.jpg @ https://cdn2.tenchat.ru/_nuxt/fVY6jQV9.js:57
[    1953ms] [WARNING] Destination image width or height more than source
src: https://cdn1.tenchat.ru/static/vbc-gostinder/user-picture/2ad269f7-363a-489f-b5cf-158dd0b8a0c6.jpg @ https://cdn2.tenchat.ru/_nuxt/fVY6jQV9.js:57
[    1953ms] [WARNING] Destination image width or height more than source
src: https://cdn1.tenchat.ru/static/vbc-gostinder/user-picture/2ad269f7-363a-489f-b5cf-158dd0b8a0c6.jpg @ https://cdn2.tenchat.ru/_nuxt/fVY6jQV9.js:57
[    1953ms] [WARNING] Destination image width or height more than source
src: https://cdn1.tenchat.ru/static/vbc-gostinder/user-picture/2ad269f7-363a-489f-b5cf-158dd0b8a0c6.jpg @ https://cdn2.tenchat.ru/_nuxt/fVY6jQV9.js:57
[    1953ms] [WARNING] Destination image width or height more than source
src: https://cdn1.tenchat.ru/static/vbc-gostinder/user-picture/2ad269f7-363a-489f-b5cf-158dd0b8a0c6.jpg @ https://cdn2.tenchat.ru/_nuxt/fVY6jQV9.js:57
[    1954ms] [WARNING] Destination image width or height more than source
src: https://cdn1.tenchat.ru/static/vbc-gostinder/user-picture/2ad269f7-363a-489f-b5cf-158dd0b8a0c6.jpg @ https://cdn2.tenchat.ru/_nuxt/fVY6jQV9.js:57
[    1954ms] [WARNING] Destination image width or height more than source
src: https://cdn1.tenchat.ru/static/vbc-gostinder/user-picture/2ad269f7-363a-489f-b5cf-158dd0b8a0c6.jpg @ https://cdn2.tenchat.ru/_nuxt/fVY6jQV9.js:57
[    1954ms] [WARNING] Destination image width or height more than source
src: https://cdn1.tenchat.ru/static/vbc-gostinder/user-picture/2ad269f7-363a-489f-b5cf-158dd0b8a0c6.jpg @ https://cdn2.tenchat.ru/_nuxt/fVY6jQV9.js:57
[    1954ms] [WARNING] Destination image width or height more than source
src: https://cdn1.tenchat.ru/static/vbc-gostinder/user-picture/2ad269f7-363a-489f-b5cf-158dd0b8a0c6.jpg @ https://cdn2.tenchat.ru/_nuxt/fVY6jQV9.js:57
[    1954ms] [WARNING] Destination image width or height more than source
src: https://cdn1.tenchat.ru/static/vbc-gostinder/user-picture/2ad269f7-363a-489f-b5cf-158dd0b8a0c6.jpg @ https://cdn2.tenchat.ru/_nuxt/fVY6jQV9.js:57
[    1955ms] [WARNING] Destination image width or height more than source
src: https://cdn1.tenchat.ru/static/vbc-gostinder/user-picture/2ad269f7-363a-489f-b5cf-158dd0b8a0c6.jpg @ https://cdn2.tenchat.ru/_nuxt/fVY6jQV9.js:57
[    1955ms] [WARNING] Destination image width or height more than source
src: https://cdn1.tenchat.ru/static/vbc-gostinder/user-picture/2ad269f7-363a-489f-b5cf-158dd0b8a0c6.jpg @ https://cdn2.tenchat.ru/_nuxt/fVY6jQV9.js:57
[    1955ms] [WARNING] Destination image width or height more than source
src: https://cdn1.tenchat.ru/static/vbc-gostinder/user-picture/2ad269f7-363a-489f-b5cf-158dd0b8a0c6.jpg @ https://cdn2.tenchat.ru/_nuxt/fVY6jQV9.js:57
[    1955ms] [WARNING] Destination image width or height more than source
src: https://cdn1.tenchat.ru/static/vbc-gostinder/user-picture/2ad269f7-363a-489f-b5cf-158dd0b8a0c6.jpg @ https://cdn2.tenchat.ru/_nuxt/fVY6jQV9.js:57
[    1955ms] [WARNING] Destination image width or height more than source
src: https://cdn1.tenchat.ru/static/vbc-gostinder/user-picture/2ad269f7-363a-489f-b5cf-158dd0b8a0c6.jpg @ https://cdn2.tenchat.ru/_nuxt/fVY6jQV9.js:57
[    1956ms] [WARNING] Destination image width or height more than source
src: https://cdn1.tenchat.ru/static/vbc-gostinder/user-picture/2ad269f7-363a-489f-b5cf-158dd0b8a0c6.jpg @ https://cdn2.tenchat.ru/_nuxt/fVY6jQV9.js:57
[    1956ms] [WARNING] Destination image width or height more than source
src: https://cdn1.tenchat.ru/static/vbc-gostinder/user-picture/2ad269f7-363a-489f-b5cf-158dd0b8a0c6.jpg @ https://cdn2.tenchat.ru/_nuxt/fVY6jQV9.js:57
[    1956ms] [WARNING] Destination image width or height more than source
src: https://cdn1.tenchat.ru/static/vbc-gostinder/user-picture/2ad269f7-363a-489f-b5cf-158dd0b8a0c6.jpg @ https://cdn2.tenchat.ru/_nuxt/fVY6jQV9.js:57
[    1956ms] [WARNING] Destination image width or height more than source
src: https://cdn1.tenchat.ru/static/vbc-gostinder/user-picture/2ad269f7-363a-489f-b5cf-158dd0b8a0c6.jpg @ https://cdn2.tenchat.ru/_nuxt/fVY6jQV9.js:57
[    1956ms] [WARNING] Destination image width or height more than source
src: https://cdn1.tenchat.ru/static/vbc-gostinder/user-picture/2ad269f7-363a-489f-b5cf-158dd0b8a0c6.jpg @ https://cdn2.tenchat.ru/_nuxt/fVY6jQV9.js:57
[    1957ms] [WARNING] Destination image width or height more than source
src: https://cdn1.tenchat.ru/static/vbc-gostinder/user-picture/2ad269f7-363a-489f-b5cf-158dd0b8a0c6.jpg @ https://cdn2.tenchat.ru/_nuxt/fVY6jQV9.js:57
[    1957ms] [WARNING] Destination image width or height more than source
src: https://cdn1.tenchat.ru/static/vbc-gostinder/user-picture/2ad269f7-363a-489f-b5cf-158dd0b8a0c6.jpg @ https://cdn2.tenchat.ru/_nuxt/fVY6jQV9.js:57
[    1957ms] [WARNING] Destination image width or height more than source
src: https://cdn1.tenchat.ru/static/vbc-gostinder/user-picture/2ad269f7-363a-489f-b5cf-158dd0b8a0c6.jpg @ https://cdn2.tenchat.ru/_nuxt/fVY6jQV9.js:57
[    2335ms] [WARNING] Destination image width or height more than source
src: https://cdn1.tenchat.ru/static/vbc-gostinder/user-picture/c2ad99ad-207d-4db3-8250-68f028bbcc97.jpeg @ https://cdn2.tenchat.ru/_nuxt/fVY6jQV9.js:57
[    2336ms] [WARNING] Destination image width or height more than source
src: https://cdn1.tenchat.ru/static/vbc-gostinder/user-picture/c2ad99ad-207d-4db3-8250-68f028bbcc97.jpeg @ https://cdn2.tenchat.ru/_nuxt/fVY6jQV9.js:57
[    2336ms] [WARNING] Destination image width or height more than source
src: https://cdn1.tenchat.ru/static/vbc-gostinder/user-picture/c2ad99ad-207d-4db3-8250-68f028bbcc97.jpeg @ https://cdn2.tenchat.ru/_nuxt/fVY6jQV9.js:57
[    2336ms] [WARNING] Destination image width or height more than source
src: https://cdn1.tenchat.ru/static/vbc-gostinder/user-picture/c2ad99ad-207d-4db3-8250-68f028bbcc97.jpeg @ https://cdn2.tenchat.ru/_nuxt/fVY6jQV9.js:57
[    2336ms] [WARNING] Destination image width or height more than source
src: https://cdn1.tenchat.ru/static/vbc-gostinder/user-picture/c2ad99ad-207d-4db3-8250-68f028bbcc97.jpeg @ https://cdn2.tenchat.ru/_nuxt/fVY6jQV9.js:57
[    2337ms] [WARNING] Destination image width or height more than source
src: https://cdn1.tenchat.ru/static/vbc-gostinder/user-picture/c2ad99ad-207d-4db3-8250-68f028bbcc97.jpeg @ https://cdn2.tenchat.ru/_nuxt/fVY6jQV9.js:57
[    2337ms] [WARNING] Destination image width or height more than source
src: https://cdn1.tenchat.ru/static/vbc-gostinder/user-picture/c2ad99ad-207d-4db3-8250-68f028bbcc97.jpeg @ https://cdn2.tenchat.ru/_nuxt/fVY6jQV9.js:57
[    2337ms] [WARNING] Destination image width or height more than source
src: https://cdn1.tenchat.ru/static/vbc-gostinder/user-picture/c2ad99ad-207d-4db3-8250-68f028bbcc97.jpeg @ https://cdn2.tenchat.ru/_nuxt/fVY6jQV9.js:57
[    2338ms] [WARNING] Destination image width or height more than source
src: https://cdn1.tenchat.ru/static/vbc-gostinder/user-picture/c2ad99ad-207d-4db3-8250-68f028bbcc97.jpeg @ https://cdn2.tenchat.ru/_nuxt/fVY6jQV9.js:57
[    2338ms] [WARNING] Destination image width or height more than source
src: https://cdn1.tenchat.ru/static/vbc-gostinder/user-picture/c2ad99ad-207d-4db3-8250-68f028bbcc97.jpeg @ https://cdn2.tenchat.ru/_nuxt/fVY6jQV9.js:57
[    2338ms] [WARNING] Destination image width or height more than source
src: https://cdn1.tenchat.ru/static/vbc-gostinder/user-picture/c2ad99ad-207d-4db3-8250-68f028bbcc97.jpeg @ https://cdn2.tenchat.ru/_nuxt/fVY6jQV9.js:57
[    2338ms] [WARNING] Destination image width or height more than source
src: https://cdn1.tenchat.ru/static/vbc-gostinder/user-picture/c2ad99ad-207d-4db3-8250-68f028bbcc97.jpeg @ https://cdn2.tenchat.ru/_nuxt/fVY6jQV9.js:57
[    2339ms] [WARNING] Destination image width or height more than source
src: https://cdn1.tenchat.ru/static/vbc-gostinder/user-picture/c2ad99ad-207d-4db3-8250-68f028bbcc97.jpeg @ https://cdn2.tenchat.ru/_nuxt/fVY6jQV9.js:57
[    2339ms] [WARNING] Destination image width or height more than source
src: https://cdn1.tenchat.ru/static/vbc-gostinder/user-picture/c2ad99ad-207d-4db3-8250-68f028bbcc97.jpeg @ https://cdn2.tenchat.ru/_nuxt/fVY6jQV9.js:57
[    2339ms] [WARNING] Destination image width or height more than source
src: https://cdn1.tenchat.ru/static/vbc-gostinder/user-picture/c2ad99ad-207d-4db3-8250-68f028bbcc97.jpeg @ https://cdn2.tenchat.ru/_nuxt/fVY6jQV9.js:57
[    2339ms] [WARNING] Destination image width or height more than source
src: https://cdn1.tenchat.ru/static/vbc-gostinder/user-picture/c2ad99ad-207d-4db3-8250-68f028bbcc97.jpeg @ https://cdn2.tenchat.ru/_nuxt/fVY6jQV9.js:57
[    2340ms] [WARNING] Destination image width or height more than source
src: https://cdn1.tenchat.ru/static/vbc-gostinder/user-picture/c2ad99ad-207d-4db3-8250-68f028bbcc97.jpeg @ https://cdn2.tenchat.ru/_nuxt/fVY6jQV9.js:57
[    2340ms] [WARNING] Destination image width or height more than source
src: https://cdn1.tenchat.ru/static/vbc-gostinder/user-picture/c2ad99ad-207d-4db3-8250-68f028bbcc97.jpeg @ https://cdn2.tenchat.ru/_nuxt/fVY6jQV9.js:57
[    2340ms] [WARNING] Destination image width or height more than source
src: https://cdn1.tenchat.ru/static/vbc-gostinder/user-picture/c2ad99ad-207d-4db3-8250-68f028bbcc97.jpeg @ https://cdn2.tenchat.ru/_nuxt/fVY6jQV9.js:57
[    2340ms] [WARNING] Destination image width or height more than source
src: https://cdn1.tenchat.ru/static/vbc-gostinder/user-picture/c2ad99ad-207d-4db3-8250-68f028bbcc97.jpeg @ https://cdn2.tenchat.ru/_nuxt/fVY6jQV9.js:57
[    2341ms] [WARNING] Destination image width or height more than source
src: https://cdn1.tenchat.ru/static/vbc-gostinder/user-picture/c2ad99ad-207d-4db3-8250-68f028bbcc97.jpeg @ https://cdn2.tenchat.ru/_nuxt/fVY6jQV9.js:57
[    2341ms] [WARNING] Destination image width or height more than source
src: https://cdn1.tenchat.ru/static/vbc-gostinder/user-picture/c2ad99ad-207d-4db3-8250-68f028bbcc97.jpeg @ https://cdn2.tenchat.ru/_nuxt/fVY6jQV9.js:57
[    2341ms] [WARNING] Destination image width or height more than source
src: https://cdn1.tenchat.ru/static/vbc-gostinder/user-picture/c2ad99ad-207d-4db3-8250-68f028bbcc97.jpeg @ https://cdn2.tenchat.ru/_nuxt/fVY6jQV9.js:57
[    2341ms] [WARNING] Destination image width or height more than source
src: https://cdn1.tenchat.ru/static/vbc-gostinder/user-picture/c2ad99ad-207d-4db3-8250-68f028bbcc97.jpeg @ https://cdn2.tenchat.ru/_nuxt/fVY6jQV9.js:57
[    2342ms] [WARNING] Destination image width or height more than source
src: https://cdn1.tenchat.ru/static/vbc-gostinder/user-picture/c2ad99ad-207d-4db3-8250-68f028bbcc97.jpeg @ https://cdn2.tenchat.ru/_nuxt/fVY6jQV9.js:57
[    2342ms] [WARNING] Destination image width or height more than source
src: https://cdn1.tenchat.ru/static/vbc-gostinder/user-picture/c2ad99ad-207d-4db3-8250-68f028bbcc97.jpeg @ https://cdn2.tenchat.ru/_nuxt/fVY6jQV9.js:57
[    3643ms] [WARNING] Destination image width or height more than source
src: https://cdn1.tenchat.ru/static/vbc-gostinder/user-picture/2ad269f7-363a-489f-b5cf-158dd0b8a0c6.jpg @ https://cdn2.tenchat.ru/_nuxt/fVY6jQV9.js:57
[    3644ms] [WARNING] Destination image width or height more than source
src: https://cdn1.tenchat.ru/static/vbc-gostinder/user-picture/2ad269f7-363a-489f-b5cf-158dd0b8a0c6.jpg @ https://cdn2.tenchat.ru/_nuxt/fVY6jQV9.js:57
[    3644ms] [WARNING] Destination image width or height more than source
src: https://cdn1.tenchat.ru/static/vbc-gostinder/user-picture/2ad269f7-363a-489f-b5cf-158dd0b8a0c6.jpg @ https://cdn2.tenchat.ru/_nuxt/fVY6jQV9.js:57
[    3645ms] [WARNING] Destination image width or height more than source
src: https://cdn1.tenchat.ru/static/vbc-gostinder/user-picture/2ad269f7-363a-489f-b5cf-158dd0b8a0c6.jpg @ https://cdn2.tenchat.ru/_nuxt/fVY6jQV9.js:57
[    3645ms] [WARNING] Destination image width or height more than source
src: https://cdn1.tenchat.ru/static/vbc-gostinder/user-picture/2ad269f7-363a-489f-b5cf-158dd0b8a0c6.jpg @ https://cdn2.tenchat.ru/_nuxt/fVY6jQV9.js:57
[    3646ms] [WARNING] Destination image width or height more than source
src: https://cdn1.tenchat.ru/static/vbc-gostinder/user-picture/2ad269f7-363a-489f-b5cf-158dd0b8a0c6.jpg @ https://cdn2.tenchat.ru/_nuxt/fVY6jQV9.js:57
[    3647ms] [WARNING] Destination image width or height more than source
src: https://cdn1.tenchat.ru/static/vbc-gostinder/user-picture/2ad269f7-363a-489f-b5cf-158dd0b8a0c6.jpg @ https://cdn2.tenchat.ru/_nuxt/fVY6jQV9.js:57
[    3647ms] [WARNING] Destination image width or height more than source
src: https://cdn1.tenchat.ru/static/vbc-gostinder/user-picture/2ad269f7-363a-489f-b5cf-158dd0b8a0c6.jpg @ https://cdn2.tenchat.ru/_nuxt/fVY6jQV9.js:57
[    3648ms] [WARNING] Destination image width or height more than source
src: https://cdn1.tenchat.ru/static/vbc-gostinder/user-picture/2ad269f7-363a-489f-b5cf-158dd0b8a0c6.jpg @ https://cdn2.tenchat.ru/_nuxt/fVY6jQV9.js:57
[    3648ms] [WARNING] Destination image width or height more than source
src: https://cdn1.tenchat.ru/static/vbc-gostinder/user-picture/2ad269f7-363a-489f-b5cf-158dd0b8a0c6.jpg @ https://cdn2.tenchat.ru/_nuxt/fVY6jQV9.js:57
[    3649ms] [WARNING] Destination image width or height more than source
src: https://cdn1.tenchat.ru/static/vbc-gostinder/user-picture/2ad269f7-363a-489f-b5cf-158dd0b8a0c6.jpg @ https://cdn2.tenchat.ru/_nuxt/fVY6jQV9.js:57
[    3649ms] [WARNING] Destination image width or height more than source
src: https://cdn1.tenchat.ru/static/vbc-gostinder/user-picture/2ad269f7-363a-489f-b5cf-158dd0b8a0c6.jpg @ https://cdn2.tenchat.ru/_nuxt/fVY6jQV9.js:57
[    3650ms] [WARNING] Destination image width or height more than source
src: https://cdn1.tenchat.ru/static/vbc-gostinder/user-picture/2ad269f7-363a-489f-b5cf-158dd0b8a0c6.jpg @ https://cdn2.tenchat.ru/_nuxt/fVY6jQV9.js:57
[    3650ms] [WARNING] Destination image width or height more than source
src: https://cdn1.tenchat.ru/static/vbc-gostinder/user-picture/2ad269f7-363a-489f-b5cf-158dd0b8a0c6.jpg @ https://cdn2.tenchat.ru/_nuxt/fVY6jQV9.js:57
[    3651ms] [WARNING] Destination image width or height more than source
src: https://cdn1.tenchat.ru/static/vbc-gostinder/user-picture/2ad269f7-363a-489f-b5cf-158dd0b8a0c6.jpg @ https://cdn2.tenchat.ru/_nuxt/fVY6jQV9.js:57
[    3651ms] [WARNING] Destination image width or height more than source
src: https://cdn1.tenchat.ru/static/vbc-gostinder/user-picture/2ad269f7-363a-489f-b5cf-158dd0b8a0c6.jpg @ https://cdn2.tenchat.ru/_nuxt/fVY6jQV9.js:57
[    3651ms] [WARNING] Destination image width or height more than source
src: https://cdn1.tenchat.ru/static/vbc-gostinder/user-picture/2ad269f7-363a-489f-b5cf-158dd0b8a0c6.jpg @ https://cdn2.tenchat.ru/_nuxt/fVY6jQV9.js:57
[    3652ms] [WARNING] Destination image width or height more than source
src: https://cdn1.tenchat.ru/static/vbc-gostinder/user-picture/2ad269f7-363a-489f-b5cf-158dd0b8a0c6.jpg @ https://cdn2.tenchat.ru/_nuxt/fVY6jQV9.js:57
[    3652ms] [WARNING] Destination image width or height more than source
src: https://cdn1.tenchat.ru/static/vbc-gostinder/user-picture/2ad269f7-363a-489f-b5cf-158dd0b8a0c6.jpg @ https://cdn2.tenchat.ru/_nuxt/fVY6jQV9.js:57
[    3653ms] [WARNING] Destination image width or height more than source
src: https://cdn1.tenchat.ru/static/vbc-gostinder/user-picture/2ad269f7-363a-489f-b5cf-158dd0b8a0c6.jpg @ https://cdn2.tenchat.ru/_nuxt/fVY6jQV9.js:57
[    3653ms] [WARNING] Destination image width or height more than source
src: https://cdn1.tenchat.ru/static/vbc-gostinder/user-picture/2ad269f7-363a-489f-b5cf-158dd0b8a0c6.jpg @ https://cdn2.tenchat.ru/_nuxt/fVY6jQV9.js:57
[    3653ms] [WARNING] Destination image width or height more than source
src: https://cdn1.tenchat.ru/static/vbc-gostinder/user-picture/2ad269f7-363a-489f-b5cf-158dd0b8a0c6.jpg @ https://cdn2.tenchat.ru/_nuxt/fVY6jQV9.js:57
[    3654ms] [WARNING] Destination image width or height more than source
src: https://cdn1.tenchat.ru/static/vbc-gostinder/user-picture/2ad269f7-363a-489f-b5cf-158dd0b8a0c6.jpg @ https://cdn2.tenchat.ru/_nuxt/fVY6jQV9.js:57
[    3654ms] [WARNING] Destination image width or height more than source
src: https://cdn1.tenchat.ru/static/vbc-gostinder/user-picture/2ad269f7-363a-489f-b5cf-158dd0b8a0c6.jpg @ https://cdn2.tenchat.ru/_nuxt/fVY6jQV9.js:57
[    3655ms] [WARNING] Destination image width or height more than source
src: https://cdn1.tenchat.ru/static/vbc-gostinder/user-picture/2ad269f7-363a-489f-b5cf-158dd0b8a0c6.jpg @ https://cdn2.tenchat.ru/_nuxt/fVY6jQV9.js:57
[    3655ms] [WARNING] Destination image width or height more than source
src: https://cdn1.tenchat.ru/static/vbc-gostinder/user-picture/2ad269f7-363a-489f-b5cf-158dd0b8a0c6.jpg @ https://cdn2.tenchat.ru/_nuxt/fVY6jQV9.js:57
[    3669ms] [WARNING] Destination image width or height more than source
src: https://cdn1.tenchat.ru/static/vbc-gostinder/user-picture/b2f26f13-3d65-4927-bf45-9cd5cda84b0e.jpeg @ https://cdn2.tenchat.ru/_nuxt/fVY6jQV9.js:57
[    3670ms] [WARNING] Destination image width or height more than source
src: https://cdn1.tenchat.ru/static/vbc-gostinder/user-picture/b2f26f13-3d65-4927-bf45-9cd5cda84b0e.jpeg @ https://cdn2.tenchat.ru/_nuxt/fVY6jQV9.js:57
[    3670ms] [WARNING] Destination image width or height more than source
src: https://cdn1.tenchat.ru/static/vbc-gostinder/user-picture/b2f26f13-3d65-4927-bf45-9cd5cda84b0e.jpeg @ https://cdn2.tenchat.ru/_nuxt/fVY6jQV9.js:57
[    3670ms] [WARNING] Destination image width or height more than source
src: https://cdn1.tenchat.ru/static/vbc-gostinder/user-picture/b2f26f13-3d65-4927-bf45-9cd5cda84b0e.jpeg @ https://cdn2.tenchat.ru/_nuxt/fVY6jQV9.js:57
[    3671ms] [WARNING] Destination image width or height more than source
src: https://cdn1.tenchat.ru/static/vbc-gostinder/user-picture/b2f26f13-3d65-4927-bf45-9cd5cda84b0e.jpeg @ https://cdn2.tenchat.ru/_nuxt/fVY6jQV9.js:57
[    3671ms] [WARNING] Destination image width or height more than source
src: https://cdn1.tenchat.ru/static/vbc-gostinder/user-picture/b2f26f13-3d65-4927-bf45-9cd5cda84b0e.jpeg @ https://cdn2.tenchat.ru/_nuxt/fVY6jQV9.js:57
[    3672ms] [WARNING] Destination image width or height more than source
src: https://cdn1.tenchat.ru/static/vbc-gostinder/user-picture/b2f26f13-3d65-4927-bf45-9cd5cda84b0e.jpeg @ https://cdn2.tenchat.ru/_nuxt/fVY6jQV9.js:57
[    3672ms] [WARNING] Destination image width or height more than source
src: https://cdn1.tenchat.ru/static/vbc-gostinder/user-picture/b2f26f13-3d65-4927-bf45-9cd5cda84b0e.jpeg @ https://cdn2.tenchat.ru/_nuxt/fVY6jQV9.js:57
[    3672ms] [WARNING] Destination image width or height more than source
src: https://cdn1.tenchat.ru/static/vbc-gostinder/user-picture/b2f26f13-3d65-4927-bf45-9cd5cda84b0e.jpeg @ https://cdn2.tenchat.ru/_nuxt/fVY6jQV9.js:57
[    3673ms] [WARNING] Destination image width or height more than source
src: https://cdn1.tenchat.ru/static/vbc-gostinder/user-picture/b2f26f13-3d65-4927-bf45-9cd5cda84b0e.jpeg @ https://cdn2.tenchat.ru/_nuxt/fVY6jQV9.js:57
[    3673ms] [WARNING] Destination image width or height more than source
src: https://cdn1.tenchat.ru/static/vbc-gostinder/user-picture/b2f26f13-3d65-4927-bf45-9cd5cda84b0e.jpeg @ https://cdn2.tenchat.ru/_nuxt/fVY6jQV9.js:57
[    3674ms] [WARNING] Destination image width or height more than source
src: https://cdn1.tenchat.ru/static/vbc-gostinder/user-picture/b2f26f13-3d65-4927-bf45-9cd5cda84b0e.jpeg @ https://cdn2.tenchat.ru/_nuxt/fVY6jQV9.js:57
[    3674ms] [WARNING] Destination image width or height more than source
src: https://cdn1.tenchat.ru/static/vbc-gostinder/user-picture/b2f26f13-3d65-4927-bf45-9cd5cda84b0e.jpeg @ https://cdn2.tenchat.ru/_nuxt/fVY6jQV9.js:57
[    3674ms] [WARNING] Destination image width or height more than source
src: https://cdn1.tenchat.ru/static/vbc-gostinder/user-picture/b2f26f13-3d65-4927-bf45-9cd5cda84b0e.jpeg @ https://cdn2.tenchat.ru/_nuxt/fVY6jQV9.js:57
[    3675ms] [WARNING] Destination image width or height more than source
src: https://cdn1.tenchat.ru/static/vbc-gostinder/user-picture/b2f26f13-3d65-4927-bf45-9cd5cda84b0e.jpeg @ https://cdn2.tenchat.ru/_nuxt/fVY6jQV9.js:57
[    3675ms] [WARNING] Destination image width or height more than source
src: https://cdn1.tenchat.ru/static/vbc-gostinder/user-picture/b2f26f13-3d65-4927-bf45-9cd5cda84b0e.jpeg @ https://cdn2.tenchat.ru/_nuxt/fVY6jQV9.js:57
[    3675ms] [WARNING] Destination image width or height more than source
src: https://cdn1.tenchat.ru/static/vbc-gostinder/user-picture/b2f26f13-3d65-4927-bf45-9cd5cda84b0e.jpeg @ https://cdn2.tenchat.ru/_nuxt/fVY6jQV9.js:57
[    3676ms] [WARNING] Destination image width or height more than source
src: https://cdn1.tenchat.ru/static/vbc-gostinder/user-picture/b2f26f13-3d65-4927-bf45-9cd5cda84b0e.jpeg @ https://cdn2.tenchat.ru/_nuxt/fVY6jQV9.js:57
[    3677ms] [WARNING] Destination image width or height more than source
src: https://cdn1.tenchat.ru/static/vbc-gostinder/user-picture/b2f26f13-3d65-4927-bf45-9cd5cda84b0e.jpeg @ https://cdn2.tenchat.ru/_nuxt/fVY6jQV9.js:57
[    3677ms] [WARNING] Destination image width or height more than source
src: https://cdn1.tenchat.ru/static/vbc-gostinder/user-picture/b2f26f13-3d65-4927-bf45-9cd5cda84b0e.jpeg @ https://cdn2.tenchat.ru/_nuxt/fVY6jQV9.js:57
[    3678ms] [WARNING] Destination image width or height more than source
src: https://cdn1.tenchat.ru/static/vbc-gostinder/user-picture/b2f26f13-3d65-4927-bf45-9cd5cda84b0e.jpeg @ https://cdn2.tenchat.ru/_nuxt/fVY6jQV9.js:57
[    3678ms] [WARNING] Destination image width or height more than source
src: https://cdn1.tenchat.ru/static/vbc-gostinder/user-picture/b2f26f13-3d65-4927-bf45-9cd5cda84b0e.jpeg @ https://cdn2.tenchat.ru/_nuxt/fVY6jQV9.js:57
[    3679ms] [WARNING] Destination image width or height more than source
src: https://cdn1.tenchat.ru/static/vbc-gostinder/user-picture/b2f26f13-3d65-4927-bf45-9cd5cda84b0e.jpeg @ https://cdn2.tenchat.ru/_nuxt/fVY6jQV9.js:57
[    3679ms] [WARNING] Destination image width or height more than source
src: https://cdn1.tenchat.ru/static/vbc-gostinder/user-picture/b2f26f13-3d65-4927-bf45-9cd5cda84b0e.jpeg @ https://cdn2.tenchat.ru/_nuxt/fVY6jQV9.js:57
[    3680ms] [WARNING] Destination image width or height more than source
src: https://cdn1.tenchat.ru/static/vbc-gostinder/user-picture/b2f26f13-3d65-4927-bf45-9cd5cda84b0e.jpeg @ https://cdn2.tenchat.ru/_nuxt/fVY6jQV9.js:57
[    3680ms] [WARNING] Destination image width or height more than source
src: https://cdn1.tenchat.ru/static/vbc-gostinder/user-picture/b2f26f13-3d65-4927-bf45-9cd5cda84b0e.jpeg @ https://cdn2.tenchat.ru/_nuxt/fVY6jQV9.js:57
[    4657ms] [WARNING] Destination image width or height more than source
src: https://cdn1.tenchat.ru/static/vbc-gostinder/user-picture/af7db234-000b-4091-8b50-7f824c9736a8.jpeg @ https://cdn2.tenchat.ru/_nuxt/fVY6jQV9.js:57
[    4657ms] [WARNING] Destination image width or height more than source
src: https://cdn1.tenchat.ru/static/vbc-gostinder/user-picture/af7db234-000b-4091-8b50-7f824c9736a8.jpeg @ https://cdn2.tenchat.ru/_nuxt/fVY6jQV9.js:57
[    4657ms] [WARNING] Destination image width or height more than source
src: https://cdn1.tenchat.ru/static/vbc-gostinder/user-picture/af7db234-000b-4091-8b50-7f824c9736a8.jpeg @ https://cdn2.tenchat.ru/_nuxt/fVY6jQV9.js:57
[    4657ms] [WARNING] Destination image width or height more than source
src: https://cdn1.tenchat.ru/static/vbc-gostinder/user-picture/af7db234-000b-4091-8b50-7f824c9736a8.jpeg @ https://cdn2.tenchat.ru/_nuxt/fVY6jQV9.js:57
[    4658ms] [WARNING] Destination image width or height more than source
src: https://cdn1.tenchat.ru/static/vbc-gostinder/user-picture/af7db234-000b-4091-8b50-7f824c9736a8.jpeg @ https://cdn2.tenchat.ru/_nuxt/fVY6jQV9.js:57
[    4658ms] [WARNING] Destination image width or height more than source
src: https://cdn1.tenchat.ru/static/vbc-gostinder/user-picture/af7db234-000b-4091-8b50-7f824c9736a8.jpeg @ https://cdn2.tenchat.ru/_nuxt/fVY6jQV9.js:57
[    4658ms] [WARNING] Destination image width or height more than source
src: https://cdn1.tenchat.ru/static/vbc-gostinder/user-picture/af7db234-000b-4091-8b50-7f824c9736a8.jpeg @ https://cdn2.tenchat.ru/_nuxt/fVY6jQV9.js:57
[    4658ms] [WARNING] Destination image width or height more than source
src: https://cdn1.tenchat.ru/static/vbc-gostinder/user-picture/af7db234-000b-4091-8b50-7f824c9736a8.jpeg @ https://cdn2.tenchat.ru/_nuxt/fVY6jQV9.js:57
[    4658ms] [WARNING] Destination image width or height more than source
src: https://cdn1.tenchat.ru/static/vbc-gostinder/user-picture/af7db234-000b-4091-8b50-7f824c9736a8.jpeg @ https://cdn2.tenchat.ru/_nuxt/fVY6jQV9.js:57
[    4659ms] [WARNING] Destination image width or height more than source
src: https://cdn1.tenchat.ru/static/vbc-gostinder/user-picture/af7db234-000b-4091-8b50-7f824c9736a8.jpeg @ https://cdn2.tenchat.ru/_nuxt/fVY6jQV9.js:57
[    4659ms] [WARNING] Destination image width or height more than source
src: https://cdn1.tenchat.ru/static/vbc-gostinder/user-picture/af7db234-000b-4091-8b50-7f824c9736a8.jpeg @ https://cdn2.tenchat.ru/_nuxt/fVY6jQV9.js:57
[    4659ms] [WARNING] Destination image width or height more than source
src: https://cdn1.tenchat.ru/static/vbc-gostinder/user-picture/af7db234-000b-4091-8b50-7f824c9736a8.jpeg @ https://cdn2.tenchat.ru/_nuxt/fVY6jQV9.js:57
[    4659ms] [WARNING] Destination image width or height more than source
src: https://cdn1.tenchat.ru/static/vbc-gostinder/user-picture/af7db234-000b-4091-8b50-7f824c9736a8.jpeg @ https://cdn2.tenchat.ru/_nuxt/fVY6jQV9.js:57
[    4659ms] [WARNING] Destination image width or height more than source
src: https://cdn1.tenchat.ru/static/vbc-gostinder/user-picture/af7db234-000b-4091-8b50-7f824c9736a8.jpeg @ https://cdn2.tenchat.ru/_nuxt/fVY6jQV9.js:57
[    4660ms] [WARNING] Destination image width or height more than source
src: https://cdn1.tenchat.ru/static/vbc-gostinder/user-picture/af7db234-000b-4091-8b50-7f824c9736a8.jpeg @ https://cdn2.tenchat.ru/_nuxt/fVY6jQV9.js:57
[    4660ms] [WARNING] Destination image width or height more than source
src: https://cdn1.tenchat.ru/static/vbc-gostinder/user-picture/af7db234-000b-4091-8b50-7f824c9736a8.jpeg @ https://cdn2.tenchat.ru/_nuxt/fVY6jQV9.js:57
[    4660ms] [WARNING] Destination image width or height more than source
src: https://cdn1.tenchat.ru/static/vbc-gostinder/user-picture/af7db234-000b-4091-8b50-7f824c9736a8.jpeg @ https://cdn2.tenchat.ru/_nuxt/fVY6jQV9.js:57
[    4660ms] [WARNING] Destination image width or height more than source
src: https://cdn1.tenchat.ru/static/vbc-gostinder/user-picture/af7db234-000b-4091-8b50-7f824c9736a8.jpeg @ https://cdn2.tenchat.ru/_nuxt/fVY6jQV9.js:57
[    4660ms] [WARNING] Destination image width or height more than source
src: https://cdn1.tenchat.ru/static/vbc-gostinder/user-picture/af7db234-000b-4091-8b50-7f824c9736a8.jpeg @ https://cdn2.tenchat.ru/_nuxt/fVY6jQV9.js:57
[    4661ms] [WARNING] Destination image width or height more than source
src: https://cdn1.tenchat.ru/static/vbc-gostinder/user-picture/af7db234-000b-4091-8b50-7f824c9736a8.jpeg @ https://cdn2.tenchat.ru/_nuxt/fVY6jQV9.js:57
[    4661ms] [WARNING] Destination image width or height more than source
src: https://cdn1.tenchat.ru/static/vbc-gostinder/user-picture/af7db234-000b-4091-8b50-7f824c9736a8.jpeg @ https://cdn2.tenchat.ru/_nuxt/fVY6jQV9.js:57
[    4661ms] [WARNING] Destination image width or height more than source
src: https://cdn1.tenchat.ru/static/vbc-gostinder/user-picture/af7db234-000b-4091-8b50-7f824c9736a8.jpeg @ https://cdn2.tenchat.ru/_nuxt/fVY6jQV9.js:57
[    4662ms] [WARNING] Destination image width or height more than source
src: https://cdn1.tenchat.ru/static/vbc-gostinder/user-picture/af7db234-000b-4091-8b50-7f824c9736a8.jpeg @ https://cdn2.tenchat.ru/_nuxt/fVY6jQV9.js:57
[    4662ms] [WARNING] Destination image width or height more than source
src: https://cdn1.tenchat.ru/static/vbc-gostinder/user-picture/af7db234-000b-4091-8b50-7f824c9736a8.jpeg @ https://cdn2.tenchat.ru/_nuxt/fVY6jQV9.js:57
[    4662ms] [WARNING] Destination image width or height more than source
src: https://cdn1.tenchat.ru/static/vbc-gostinder/user-picture/af7db234-000b-4091-8b50-7f824c9736a8.jpeg @ https://cdn2.tenchat.ru/_nuxt/fVY6jQV9.js:57
[    4663ms] [WARNING] Destination image width or height more than source
src: https://cdn1.tenchat.ru/static/vbc-gostinder/user-picture/af7db234-000b-4091-8b50-7f824c9736a8.jpeg @ https://cdn2.tenchat.ru/_nuxt/fVY6jQV9.js:57
[    4663ms] [WARNING] Destination image width or height more than source
src: https://cdn1.tenchat.ru/static/vbc-gostinder/user-picture/af7db234-000b-4091-8b50-7f824c9736a8.jpeg @ https://cdn2.tenchat.ru/_nuxt/fVY6jQV9.js:57
[    4663ms] [WARNING] Destination image width or height more than source
src: https://cdn1.tenchat.ru/static/vbc-gostinder/user-picture/af7db234-000b-4091-8b50-7f824c9736a8.jpeg @ https://cdn2.tenchat.ru/_nuxt/fVY6jQV9.js:57
[    4663ms] [WARNING] Destination image width or height more than source
src: https://cdn1.tenchat.ru/static/vbc-gostinder/user-picture/af7db234-000b-4091-8b50-7f824c9736a8.jpeg @ https://cdn2.tenchat.ru/_nuxt/fVY6jQV9.js:57
[    4663ms] [WARNING] Destination image width or height more than source
src: https://cdn1.tenchat.ru/static/vbc-gostinder/user-picture/af7db234-000b-4091-8b50-7f824c9736a8.jpeg @ https://cdn2.tenchat.ru/_nuxt/fVY6jQV9.js:57
[    4664ms] [WARNING] Destination image width or height more than source
src: https://cdn1.tenchat.ru/static/vbc-gostinder/user-picture/af7db234-000b-4091-8b50-7f824c9736a8.jpeg @ https://cdn2.tenchat.ru/_nuxt/fVY6jQV9.js:57
[    4664ms] [WARNING] Destination image width or height more than source
src: https://cdn1.tenchat.ru/static/vbc-gostinder/user-picture/af7db234-000b-4091-8b50-7f824c9736a8.jpeg @ https://cdn2.tenchat.ru/_nuxt/fVY6jQV9.js:57
[    4664ms] [WARNING] Destination image width or height more than source
src: https://cdn1.tenchat.ru/static/vbc-gostinder/user-picture/af7db234-000b-4091-8b50-7f824c9736a8.jpeg @ https://cdn2.tenchat.ru/_nuxt/fVY6jQV9.js:57
[    4664ms] [WARNING] Destination image width or height more than source
src: https://cdn1.tenchat.ru/static/vbc-gostinder/user-picture/af7db234-000b-4091-8b50-7f824c9736a8.jpeg @ https://cdn2.tenchat.ru/_nuxt/fVY6jQV9.js:57
[    4664ms] [WARNING] Destination image width or height more than source
src: https://cdn1.tenchat.ru/static/vbc-gostinder/user-picture/af7db234-000b-4091-8b50-7f824c9736a8.jpeg @ https://cdn2.tenchat.ru/_nuxt/fVY6jQV9.js:57
[    4665ms] [WARNING] Destination image width or height more than source
src: https://cdn1.tenchat.ru/static/vbc-gostinder/user-picture/af7db234-000b-4091-8b50-7f824c9736a8.jpeg @ https://cdn2.tenchat.ru/_nuxt/fVY6jQV9.js:57
[    4665ms] [WARNING] Destination image width or height more than source
src: https://cdn1.tenchat.ru/static/vbc-gostinder/user-picture/af7db234-000b-4091-8b50-7f824c9736a8.jpeg @ https://cdn2.tenchat.ru/_nuxt/fVY6jQV9.js:57
[    4665ms] [WARNING] Destination image width or height more than source
src: https://cdn1.tenchat.ru/static/vbc-gostinder/user-picture/af7db234-000b-4091-8b50-7f824c9736a8.jpeg @ https://cdn2.tenchat.ru/_nuxt/fVY6jQV9.js:57
[    4665ms] [WARNING] Destination image width or height more than source
src: https://cdn1.tenchat.ru/static/vbc-gostinder/user-picture/af7db234-000b-4091-8b50-7f824c9736a8.jpeg @ https://cdn2.tenchat.ru/_nuxt/fVY6jQV9.js:57
[    4665ms] [WARNING] Destination image width or height more than source
src: https://cdn1.tenchat.ru/static/vbc-gostinder/user-picture/af7db234-000b-4091-8b50-7f824c9736a8.jpeg @ https://cdn2.tenchat.ru/_nuxt/fVY6jQV9.js:57
[    4666ms] [WARNING] Destination image width or height more than source
src: https://cdn1.tenchat.ru/static/vbc-gostinder/user-picture/af7db234-000b-4091-8b50-7f824c9736a8.jpeg @ https://cdn2.tenchat.ru/_nuxt/fVY6jQV9.js:57
[    4666ms] [WARNING] Destination image width or height more than source
src: https://cdn1.tenchat.ru/static/vbc-gostinder/user-picture/af7db234-000b-4091-8b50-7f824c9736a8.jpeg @ https://cdn2.tenchat.ru/_nuxt/fVY6jQV9.js:57
[    4666ms] [WARNING] Destination image width or height more than source
src: https://cdn1.tenchat.ru/static/vbc-gostinder/user-picture/af7db234-000b-4091-8b50-7f824c9736a8.jpeg @ https://cdn2.tenchat.ru/_nuxt/fVY6jQV9.js:57
[    4666ms] [WARNING] Destination image width or height more than source
src: https://cdn1.tenchat.ru/static/vbc-gostinder/user-picture/af7db234-000b-4091-8b50-7f824c9736a8.jpeg @ https://cdn2.tenchat.ru/_nuxt/fVY6jQV9.js:57
[    4666ms] [WARNING] Destination image width or height more than source
src: https://cdn1.tenchat.ru/static/vbc-gostinder/user-picture/af7db234-000b-4091-8b50-7f824c9736a8.jpeg @ https://cdn2.tenchat.ru/_nuxt/fVY6jQV9.js:57
[    4667ms] [WARNING] Destination image width or height more than source
src: https://cdn1.tenchat.ru/static/vbc-gostinder/user-picture/af7db234-000b-4091-8b50-7f824c9736a8.jpeg @ https://cdn2.tenchat.ru/_nuxt/fVY6jQV9.js:57
[    4667ms] [WARNING] Destination image width or height more than source
src: https://cdn1.tenchat.ru/static/vbc-gostinder/user-picture/af7db234-000b-4091-8b50-7f824c9736a8.jpeg @ https://cdn2.tenchat.ru/_nuxt/fVY6jQV9.js:57
[    4667ms] [WARNING] Destination image width or height more than source
src: https://cdn1.tenchat.ru/static/vbc-gostinder/user-picture/af7db234-000b-4091-8b50-7f824c9736a8.jpeg @ https://cdn2.tenchat.ru/_nuxt/fVY6jQV9.js:57
[    4667ms] [WARNING] Destination image width or height more than source
src: https://cdn1.tenchat.ru/static/vbc-gostinder/user-picture/af7db234-000b-4091-8b50-7f824c9736a8.jpeg @ https://cdn2.tenchat.ru/_nuxt/fVY6jQV9.js:57
[    4667ms] [WARNING] Destination image width or height more than source
src: https://cdn1.tenchat.ru/static/vbc-gostinder/user-picture/af7db234-000b-4091-8b50-7f824c9736a8.jpeg @ https://cdn2.tenchat.ru/_nuxt/fVY6jQV9.js:57
[    4668ms] [WARNING] Destination image width or height more than source
src: https://cdn1.tenchat.ru/static/vbc-gostinder/user-picture/af7db234-000b-4091-8b50-7f824c9736a8.jpeg @ https://cdn2.tenchat.ru/_nuxt/fVY6jQV9.js:57
[    4668ms] [WARNING] Destination image width or height more than source
src: https://cdn1.tenchat.ru/static/vbc-gostinder/user-picture/af7db234-000b-4091-8b50-7f824c9736a8.jpeg @ https://cdn2.tenchat.ru/_nuxt/fVY6jQV9.js:57
[    4668ms] [WARNING] Destination image width or height more than source
src: https://cdn1.tenchat.ru/static/vbc-gostinder/user-picture/af7db234-000b-4091-8b50-7f824c9736a8.jpeg @ https://cdn2.tenchat.ru/_nuxt/fVY6jQV9.js:57
[    4681ms] [WARNING] Destination image width or height more than source
src: https://cdn1.tenchat.ru/static/vbc-gostinder/user-picture/b2f26f13-3d65-4927-bf45-9cd5cda84b0e.jpeg @ https://cdn2.tenchat.ru/_nuxt/fVY6jQV9.js:57
[    4681ms] [WARNING] Destination image width or height more than source
src: https://cdn1.tenchat.ru/static/vbc-gostinder/user-picture/b2f26f13-3d65-4927-bf45-9cd5cda84b0e.jpeg @ https://cdn2.tenchat.ru/_nuxt/fVY6jQV9.js:57
[    4681ms] [WARNING] Destination image width or height more than source
src: https://cdn1.tenchat.ru/static/vbc-gostinder/user-picture/b2f26f13-3d65-4927-bf45-9cd5cda84b0e.jpeg @ https://cdn2.tenchat.ru/_nuxt/fVY6jQV9.js:57
[    4682ms] [WARNING] Destination image width or height more than source
src: https://cdn1.tenchat.ru/static/vbc-gostinder/user-picture/b2f26f13-3d65-4927-bf45-9cd5cda84b0e.jpeg @ https://cdn2.tenchat.ru/_nuxt/fVY6jQV9.js:57
[    4682ms] [WARNING] Destination image width or height more than source
src: https://cdn1.tenchat.ru/static/vbc-gostinder/user-picture/b2f26f13-3d65-4927-bf45-9cd5cda84b0e.jpeg @ https://cdn2.tenchat.ru/_nuxt/fVY6jQV9.js:57
[    4682ms] [WARNING] Destination image width or height more than source
src: https://cdn1.tenchat.ru/static/vbc-gostinder/user-picture/b2f26f13-3d65-4927-bf45-9cd5cda84b0e.jpeg @ https://cdn2.tenchat.ru/_nuxt/fVY6jQV9.js:57
[    4682ms] [WARNING] Destination image width or height more than source
src: https://cdn1.tenchat.ru/static/vbc-gostinder/user-picture/b2f26f13-3d65-4927-bf45-9cd5cda84b0e.jpeg @ https://cdn2.tenchat.ru/_nuxt/fVY6jQV9.js:57
[    4683ms] [WARNING] Destination image width or height more than source
src: https://cdn1.tenchat.ru/static/vbc-gostinder/user-picture/b2f26f13-3d65-4927-bf45-9cd5cda84b0e.jpeg @ https://cdn2.tenchat.ru/_nuxt/fVY6jQV9.js:57
[    4683ms] [WARNING] Destination image width or height more than source
src: https://cdn1.tenchat.ru/static/vbc-gostinder/user-picture/b2f26f13-3d65-4927-bf45-9cd5cda84b0e.jpeg @ https://cdn2.tenchat.ru/_nuxt/fVY6jQV9.js:57
[    4683ms] [WARNING] Destination image width or height more than source
src: https://cdn1.tenchat.ru/static/vbc-gostinder/user-picture/b2f26f13-3d65-4927-bf45-9cd5cda84b0e.jpeg @ https://cdn2.tenchat.ru/_nuxt/fVY6jQV9.js:57
[    4683ms] [WARNING] Destination image width or height more than source
src: https://cdn1.tenchat.ru/static/vbc-gostinder/user-picture/b2f26f13-3d65-4927-bf45-9cd5cda84b0e.jpeg @ https://cdn2.tenchat.ru/_nuxt/fVY6jQV9.js:57
[    4683ms] [WARNING] Destination image width or height more than source
src: https://cdn1.tenchat.ru/static/vbc-gostinder/user-picture/b2f26f13-3d65-4927-bf45-9cd5cda84b0e.jpeg @ https://cdn2.tenchat.ru/_nuxt/fVY6jQV9.js:57
[    4684ms] [WARNING] Destination image width or height more than source
src: https://cdn1.tenchat.ru/static/vbc-gostinder/user-picture/b2f26f13-3d65-4927-bf45-9cd5cda84b0e.jpeg @ https://cdn2.tenchat.ru/_nuxt/fVY6jQV9.js:57
[    4684ms] [WARNING] Destination image width or height more than source
src: https://cdn1.tenchat.ru/static/vbc-gostinder/user-picture/b2f26f13-3d65-4927-bf45-9cd5cda84b0e.jpeg @ https://cdn2.tenchat.ru/_nuxt/fVY6jQV9.js:57
[    4684ms] [WARNING] Destination image width or height more than source
src: https://cdn1.tenchat.ru/static/vbc-gostinder/user-picture/b2f26f13-3d65-4927-bf45-9cd5cda84b0e.jpeg @ https://cdn2.tenchat.ru/_nuxt/fVY6jQV9.js:57
[    4684ms] [WARNING] Destination image width or height more than source
src: https://cdn1.tenchat.ru/static/vbc-gostinder/user-picture/b2f26f13-3d65-4927-bf45-9cd5cda84b0e.jpeg @ https://cdn2.tenchat.ru/_nuxt/fVY6jQV9.js:57
[    4684ms] [WARNING] Destination image width or height more than source
src: https://cdn1.tenchat.ru/static/vbc-gostinder/user-picture/b2f26f13-3d65-4927-bf45-9cd5cda84b0e.jpeg @ https://cdn2.tenchat.ru/_nuxt/fVY6jQV9.js:57
[    4685ms] [WARNING] Destination image width or height more than source
src: https://cdn1.tenchat.ru/static/vbc-gostinder/user-picture/b2f26f13-3d65-4927-bf45-9cd5cda84b0e.jpeg @ https://cdn2.tenchat.ru/_nuxt/fVY6jQV9.js:57
[    4686ms] [WARNING] Destination image width or height more than source
src: https://cdn1.tenchat.ru/static/vbc-gostinder/user-picture/b2f26f13-3d65-4927-bf45-9cd5cda84b0e.jpeg @ https://cdn2.tenchat.ru/_nuxt/fVY6jQV9.js:57
[    4686ms] [WARNING] Destination image width or height more than source
src: https://cdn1.tenchat.ru/static/vbc-gostinder/user-picture/b2f26f13-3d65-4927-bf45-9cd5cda84b0e.jpeg @ https://cdn2.tenchat.ru/_nuxt/fVY6jQV9.js:57
[    4686ms] [WARNING] Destination image width or height more than source
src: https://cdn1.tenchat.ru/static/vbc-gostinder/user-picture/b2f26f13-3d65-4927-bf45-9cd5cda84b0e.jpeg @ https://cdn2.tenchat.ru/_nuxt/fVY6jQV9.js:57
[    4687ms] [WARNING] Destination image width or height more than source
src: https://cdn1.tenchat.ru/static/vbc-gostinder/user-picture/b2f26f13-3d65-4927-bf45-9cd5cda84b0e.jpeg @ https://cdn2.tenchat.ru/_nuxt/fVY6jQV9.js:57
[    4687ms] [WARNING] Destination image width or height more than source
src: https://cdn1.tenchat.ru/static/vbc-gostinder/user-picture/b2f26f13-3d65-4927-bf45-9cd5cda84b0e.jpeg @ https://cdn2.tenchat.ru/_nuxt/fVY6jQV9.js:57
[    4687ms] [WARNING] Destination image width or height more than source
src: https://cdn1.tenchat.ru/static/vbc-gostinder/user-picture/b2f26f13-3d65-4927-bf45-9cd5cda84b0e.jpeg @ https://cdn2.tenchat.ru/_nuxt/fVY6jQV9.js:57
[    4687ms] [WARNING] Destination image width or height more than source
src: https://cdn1.tenchat.ru/static/vbc-gostinder/user-picture/b2f26f13-3d65-4927-bf45-9cd5cda84b0e.jpeg @ https://cdn2.tenchat.ru/_nuxt/fVY6jQV9.js:57
[    4688ms] [WARNING] Destination image width or height more than source
src: https://cdn1.tenchat.ru/static/vbc-gostinder/user-picture/b2f26f13-3d65-4927-bf45-9cd5cda84b0e.jpeg @ https://cdn2.tenchat.ru/_nuxt/fVY6jQV9.js:57
